Archive member included to satisfy reference by file (symbol)

c:/program files (x86)/stm32cubeide_1.7.0/stm32cubeide/plugins/com.st.stm32cube.ide.mcu.externaltools.gnu-tools-for-stm32.9-2020-q2-update.win32_2.0.0.202105311346/tools/bin/../lib/gcc/arm-none-eabi/9.3.1/../../../../arm-none-eabi/lib/thumb/v7-m/nofp\libc_nano.a(lib_a-errno.o)
                              ./Core/Src/syscalls.o (__errno)
c:/program files (x86)/stm32cubeide_1.7.0/stm32cubeide/plugins/com.st.stm32cube.ide.mcu.externaltools.gnu-tools-for-stm32.9-2020-q2-update.win32_2.0.0.202105311346/tools/bin/../lib/gcc/arm-none-eabi/9.3.1/../../../../arm-none-eabi/lib/thumb/v7-m/nofp\libc_nano.a(lib_a-exit.o)
                              c:/program files (x86)/stm32cubeide_1.7.0/stm32cubeide/plugins/com.st.stm32cube.ide.mcu.externaltools.gnu-tools-for-stm32.9-2020-q2-update.win32_2.0.0.202105311346/tools/bin/../lib/gcc/arm-none-eabi/9.3.1/../../../../arm-none-eabi/lib/thumb/v7-m/nofp/crt0.o (exit)
c:/program files (x86)/stm32cubeide_1.7.0/stm32cubeide/plugins/com.st.stm32cube.ide.mcu.externaltools.gnu-tools-for-stm32.9-2020-q2-update.win32_2.0.0.202105311346/tools/bin/../lib/gcc/arm-none-eabi/9.3.1/../../../../arm-none-eabi/lib/thumb/v7-m/nofp\libc_nano.a(lib_a-impure.o)
                              c:/program files (x86)/stm32cubeide_1.7.0/stm32cubeide/plugins/com.st.stm32cube.ide.mcu.externaltools.gnu-tools-for-stm32.9-2020-q2-update.win32_2.0.0.202105311346/tools/bin/../lib/gcc/arm-none-eabi/9.3.1/../../../../arm-none-eabi/lib/thumb/v7-m/nofp\libc_nano.a(lib_a-exit.o) (_global_impure_ptr)
c:/program files (x86)/stm32cubeide_1.7.0/stm32cubeide/plugins/com.st.stm32cube.ide.mcu.externaltools.gnu-tools-for-stm32.9-2020-q2-update.win32_2.0.0.202105311346/tools/bin/../lib/gcc/arm-none-eabi/9.3.1/../../../../arm-none-eabi/lib/thumb/v7-m/nofp\libc_nano.a(lib_a-init.o)
                              c:/program files (x86)/stm32cubeide_1.7.0/stm32cubeide/plugins/com.st.stm32cube.ide.mcu.externaltools.gnu-tools-for-stm32.9-2020-q2-update.win32_2.0.0.202105311346/tools/bin/../lib/gcc/arm-none-eabi/9.3.1/../../../../arm-none-eabi/lib/thumb/v7-m/nofp/crt0.o (__libc_init_array)
c:/program files (x86)/stm32cubeide_1.7.0/stm32cubeide/plugins/com.st.stm32cube.ide.mcu.externaltools.gnu-tools-for-stm32.9-2020-q2-update.win32_2.0.0.202105311346/tools/bin/../lib/gcc/arm-none-eabi/9.3.1/../../../../arm-none-eabi/lib/thumb/v7-m/nofp\libc_nano.a(lib_a-malloc.o)
                              ./Core/Src/scheduler.o (malloc)
c:/program files (x86)/stm32cubeide_1.7.0/stm32cubeide/plugins/com.st.stm32cube.ide.mcu.externaltools.gnu-tools-for-stm32.9-2020-q2-update.win32_2.0.0.202105311346/tools/bin/../lib/gcc/arm-none-eabi/9.3.1/../../../../arm-none-eabi/lib/thumb/v7-m/nofp\libc_nano.a(lib_a-memset.o)
                              c:/program files (x86)/stm32cubeide_1.7.0/stm32cubeide/plugins/com.st.stm32cube.ide.mcu.externaltools.gnu-tools-for-stm32.9-2020-q2-update.win32_2.0.0.202105311346/tools/bin/../lib/gcc/arm-none-eabi/9.3.1/../../../../arm-none-eabi/lib/thumb/v7-m/nofp/crt0.o (memset)
c:/program files (x86)/stm32cubeide_1.7.0/stm32cubeide/plugins/com.st.stm32cube.ide.mcu.externaltools.gnu-tools-for-stm32.9-2020-q2-update.win32_2.0.0.202105311346/tools/bin/../lib/gcc/arm-none-eabi/9.3.1/../../../../arm-none-eabi/lib/thumb/v7-m/nofp\libc_nano.a(lib_a-nano-freer.o)
                              c:/program files (x86)/stm32cubeide_1.7.0/stm32cubeide/plugins/com.st.stm32cube.ide.mcu.externaltools.gnu-tools-for-stm32.9-2020-q2-update.win32_2.0.0.202105311346/tools/bin/../lib/gcc/arm-none-eabi/9.3.1/../../../../arm-none-eabi/lib/thumb/v7-m/nofp\libc_nano.a(lib_a-malloc.o) (_free_r)
c:/program files (x86)/stm32cubeide_1.7.0/stm32cubeide/plugins/com.st.stm32cube.ide.mcu.externaltools.gnu-tools-for-stm32.9-2020-q2-update.win32_2.0.0.202105311346/tools/bin/../lib/gcc/arm-none-eabi/9.3.1/../../../../arm-none-eabi/lib/thumb/v7-m/nofp\libc_nano.a(lib_a-nano-mallocr.o)
                              c:/program files (x86)/stm32cubeide_1.7.0/stm32cubeide/plugins/com.st.stm32cube.ide.mcu.externaltools.gnu-tools-for-stm32.9-2020-q2-update.win32_2.0.0.202105311346/tools/bin/../lib/gcc/arm-none-eabi/9.3.1/../../../../arm-none-eabi/lib/thumb/v7-m/nofp\libc_nano.a(lib_a-malloc.o) (_malloc_r)
c:/program files (x86)/stm32cubeide_1.7.0/stm32cubeide/plugins/com.st.stm32cube.ide.mcu.externaltools.gnu-tools-for-stm32.9-2020-q2-update.win32_2.0.0.202105311346/tools/bin/../lib/gcc/arm-none-eabi/9.3.1/../../../../arm-none-eabi/lib/thumb/v7-m/nofp\libc_nano.a(lib_a-sbrkr.o)
                              c:/program files (x86)/stm32cubeide_1.7.0/stm32cubeide/plugins/com.st.stm32cube.ide.mcu.externaltools.gnu-tools-for-stm32.9-2020-q2-update.win32_2.0.0.202105311346/tools/bin/../lib/gcc/arm-none-eabi/9.3.1/../../../../arm-none-eabi/lib/thumb/v7-m/nofp\libc_nano.a(lib_a-nano-mallocr.o) (_sbrk_r)
[...]
Memory Configuration

Name             Origin             Length             Attributes
RAM              0x0000000020000000 0x0000000000002800 xrw
FLASH            0x0000000008000000 0x0000000000008000 xr
*default*        0x0000000000000000 0xffffffffffffffff

Linker script and memory map

LOAD c:/program files (x86)/stm32cubeide_1.7.0/stm32cubeide/plugins/com.st.stm32cube.ide.mcu.externaltools.gnu-tools-for-stm32.9-2020-q2-update.win32_2.0.0.202105311346/tools/bin/../lib/gcc/arm-none-eabi/9.3.1/thumb/v7-m/nofp/crti.o
LOAD c:/program files (x86)/stm32cubeide_1.7.0/stm32cubeide/plugins/com.st.stm32cube.ide.mcu.externaltools.gnu-tools-for-stm32.9-2020-q2-update.win32_2.0.0.202105311346/tools/bin/../lib/gcc/arm-none-eabi/9.3.1/thumb/v7-m/nofp/crtbegin.o
LOAD c:/program files (x86)/stm32cubeide_1.7.0/stm32cubeide/plugins/com.st.stm32cube.ide.mcu.externaltools.gnu-tools-for-stm32.9-2020-q2-update.win32_2.0.0.202105311346/tools/bin/../lib/gcc/arm-none-eabi/9.3.1/../../../../arm-none-eabi/lib/thumb/v7-m/nofp/crt0.o
LOAD ./Core/Src/button.o
LOAD ./Core/Src/fsm.o
LOAD ./Core/Src/global.o
LOAD ./Core/Src/main.o
LOAD ./Core/Src/physics.o
LOAD ./Core/Src/scheduler.o
LOAD ./Core/Src/software_timer.o
LOAD ./Core/Src/stm32f1xx_hal_msp.o
LOAD ./Core/Src/stm32f1xx_it.o
LOAD ./Core/Src/syscalls.o
LOAD ./Core/Src/sysmem.o
LOAD ./Core/Src/system_stm32f1xx.o
LOAD ./Core/Startup/startup_stm32f103c6ux.o
LOAD ./Drivers/STM32F1xx_HAL_Driver/Src/stm32f1xx_hal.o
LOAD ./Drivers/STM32F1xx_HAL_Driver/Src/stm32f1xx_hal_cortex.o
LOAD ./Drivers/STM32F1xx_HAL_Driver/Src/stm32f1xx_hal_dma.o
LOAD ./Drivers/STM32F1xx_HAL_Driver/Src/stm32f1xx_hal_exti.o
LOAD ./Drivers/STM32F1xx_HAL_Driver/Src/stm32f1xx_hal_flash.o
LOAD ./Drivers/STM32F1xx_HAL_Driver/Src/stm32f1xx_hal_flash_ex.o
LOAD ./Drivers/STM32F1xx_HAL_Driver/Src/stm32f1xx_hal_gpio.o
LOAD ./Drivers/STM32F1xx_HAL_Driver/Src/stm32f1xx_hal_gpio_ex.o
LOAD ./Drivers/STM32F1xx_HAL_Driver/Src/stm32f1xx_hal_pwr.o
LOAD ./Drivers/STM32F1xx_HAL_Driver/Src/stm32f1xx_hal_rcc.o
LOAD ./Drivers/STM32F1xx_HAL_Driver/Src/stm32f1xx_hal_rcc_ex.o
LOAD ./Drivers/STM32F1xx_HAL_Driver/Src/stm32f1xx_hal_tim.o
LOAD ./Drivers/STM32F1xx_HAL_Driver/Src/stm32f1xx_hal_tim_ex.o
LOAD ./Drivers/STM32F1xx_HAL_Driver/Src/stm32f1xx_hal_uart.o
START GROUP
LOAD c:/program files (x86)/stm32cubeide_1.7.0/stm32cubeide/plugins/com.st.stm32cube.ide.mcu.externaltools.gnu-tools-for-stm32.9-2020-q2-update.win32_2.0.0.202105311346/tools/bin/../lib/gcc/arm-none-eabi/9.3.1/../../../../arm-none-eabi/lib/thumb/v7-m/nofp\libc_nano.a
LOAD c:/program files (x86)/stm32cubeide_1.7.0/stm32cubeide/plugins/com.st.stm32cube.ide.mcu.externaltools.gnu-tools-for-stm32.9-2020-q2-update.win32_2.0.0.202105311346/tools/bin/../lib/gcc/arm-none-eabi/9.3.1/../../../../arm-none-eabi/lib/thumb/v7-m/nofp\libm.a
END GROUP
START GROUP
LOAD c:/program files (x86)/stm32cubeide_1.7.0/stm32cubeide/plugins/com.st.stm32cube.ide.mcu.externaltools.gnu-tools-for-stm32.9-2020-q2-update.win32_2.0.0.202105311346/tools/bin/../lib/gcc/arm-none-eabi/9.3.1/thumb/v7-m/nofp\libgcc.a
LOAD c:/program files (x86)/stm32cubeide_1.7.0/stm32cubeide/plugins/com.st.stm32cube.ide.mcu.externaltools.gnu-tools-for-stm32.9-2020-q2-update.win32_2.0.0.202105311346/tools/bin/../lib/gcc/arm-none-eabi/9.3.1/../../../../arm-none-eabi/lib/thumb/v7-m/nofp\libc_nano.a
END GROUP
START GROUP
LOAD c:/program files (x86)/stm32cubeide_1.7.0/stm32cubeide/plugins/com.st.stm32cube.ide.mcu.externaltools.gnu-tools-for-stm32.9-2020-q2-update.win32_2.0.0.202105311346/tools/bin/../lib/gcc/arm-none-eabi/9.3.1/thumb/v7-m/nofp\libgcc.a
LOAD c:/program files (x86)/stm32cubeide_1.7.0/stm32cubeide/plugins/com.st.stm32cube.ide.mcu.externaltools.gnu-tools-for-stm32.9-2020-q2-update.win32_2.0.0.202105311346/tools/bin/../lib/gcc/arm-none-eabi/9.3.1/../../../../arm-none-eabi/lib/thumb/v7-m/nofp\libc_nano.a
LOAD c:/program files (x86)/stm32cubeide_1.7.0/stm32cubeide/plugins/com.st.stm32cube.ide.mcu.externaltools.gnu-tools-for-stm32.9-2020-q2-update.win32_2.0.0.202105311346/tools/bin/../lib/gcc/arm-none-eabi/9.3.1/../../../../arm-none-eabi/lib/thumb/v7-m/nofp\libnosys.a
END GROUP
START GROUP
LOAD c:/program files (x86)/stm32cubeide_1.7.0/stm32cubeide/plugins/com.st.stm32cube.ide.mcu.externaltools.gnu-tools-for-stm32.9-2020-q2-update.win32_2.0.0.202105311346/tools/bin/../lib/gcc/arm-none-eabi/9.3.1/thumb/v7-m/nofp\libgcc.a
LOAD c:/program files (x86)/stm32cubeide_1.7.0/stm32cubeide/plugins/com.st.stm32cube.ide.mcu.externaltools.gnu-tools-for-stm32.9-2020-q2-update.win32_2.0.0.202105311346/tools/bin/../lib/gcc/arm-none-eabi/9.3.1/../../../../arm-none-eabi/lib/thumb/v7-m/nofp\libc_nano.a
LOAD c:/program files (x86)/stm32cubeide_1.7.0/stm32cubeide/plugins/com.st.stm32cube.ide.mcu.externaltools.gnu-tools-for-stm32.9-2020-q2-update.win32_2.0.0.202105311346/tools/bin/../lib/gcc/arm-none-eabi/9.3.1/../../../../arm-none-eabi/lib/thumb/v7-m/nofp\libnosys.a
END GROUP
LOAD c:/program files (x86)/stm32cubeide_1.7.0/stm32cubeide/plugins/com.st.stm32cube.ide.mcu.externaltools.gnu-tools-for-stm32.9-2020-q2-update.win32_2.0.0.202105311346/tools/bin/../lib/gcc/arm-none-eabi/9.3.1/thumb/v7-m/nofp/crtend.o
LOAD c:/program files (x86)/stm32cubeide_1.7.0/stm32cubeide/plugins/com.st.stm32cube.ide.mcu.externaltools.gnu-tools-for-stm32.9-2020-q2-update.win32_2.0.0.202105311346/tools/bin/../lib/gcc/arm-none-eabi/9.3.1/thumb/v7-m/nofp/crtn.o
                0x0000000020002800                _estack = (ORIGIN (RAM) + LENGTH (RAM))
                0x0000000000000200                _Min_Heap_Size = 0x200
                0x0000000000000400                _Min_Stack_Size = 0x400

.isr_vector     0x0000000008000000      0x10c
                0x0000000008000000                . = ALIGN (0x4)
 *(.isr_vector)
 .isr_vector    0x0000000008000000      0x10c ./Core/Startup/startup_stm32f103c6ux.o
                0x0000000008000000                g_pfnVectors
                0x000000000800010c                . = ALIGN (0x4)

.text           0x000000000800010c     0x4b44
                0x000000000800010c                . = ALIGN (0x4)
 *(.text)
 .text          0x000000000800010c       0x40 c:/program files (x86)/stm32cubeide_1.7.0/stm32cubeide/plugins/com.st.stm32cube.ide.mcu.externaltools.gnu-tools-for-stm32.9-2020-q2-update.win32_2.0.0.202105311346/tools/bin/../lib/gcc/arm-none-eabi/9.3.1/thumb/v7-m/nofp/crtbegin.o
 *(.text*)
 .text.getButtonValue
                0x000000000800014c      0x240 ./Core/Src/button.o
                0x000000000800014c                getButtonValue
 .text.isButtonShortPress
                0x000000000800038c       0x48 ./Core/Src/button.o
                0x000000000800038c                isButtonShortPress
 .text.isButtonLongPress
                0x00000000080003d4       0x48 ./Core/Src/button.o
                0x00000000080003d4                isButtonLongPress
 .text.fsm_traffic_auto_mode
                0x000000000800041c      0x13c ./Core/Src/fsm.o
                0x000000000800041c                fsm_traffic_auto_mode
 .text.setBuzzer
                0x0000000008000558       0x90 ./Core/Src/fsm.o
                0x0000000008000558                setBuzzer
 .text.fsm_pedestrian
                0x00000000080005e8      0x118 ./Core/Src/fsm.o
                0x00000000080005e8                fsm_pedestrian
 .text.fsm_traffic_manual_mode
                0x0000000008000700       0xf8 ./Core/Src/fsm.o
                0x0000000008000700                fsm_traffic_manual_mode
 .text.logNewTime
                0x00000000080007f8       0xa0 ./Core/Src/fsm.o
                0x00000000080007f8                logNewTime
 .text.fsm_traffic_tunning_mode
                0x0000000008000898      0x1e0 ./Core/Src/fsm.o
                0x0000000008000898                fsm_traffic_tunning_mode
 .text.fsm_switch_mode
                0x0000000008000a78      0x110 ./Core/Src/fsm.o
                0x0000000008000a78                fsm_switch_mode
 .text.fsm_traffic
                0x0000000008000b88      0x150 ./Core/Src/fsm.o
                0x0000000008000b88                fsm_traffic
 .text.clock_counter_traffic_update
                0x0000000008000cd8       0xf8 ./Core/Src/fsm.o
                0x0000000008000cd8                clock_counter_traffic_update
 .text.main     0x0000000008000dd0       0x94 ./Core/Src/main.o
                0x0000000008000dd0                main
 .text.SystemClock_Config
                0x0000000008000e64       0x76 ./Core/Src/main.o
                0x0000000008000e64                SystemClock_Config
 *fill*         0x0000000008000eda        0x2 
 .text.MX_TIM2_Init
                0x0000000008000edc       0x98 ./Core/Src/main.o
 .text.MX_TIM3_Init
                0x0000000008000f74       0xec ./Core/Src/main.o
 .text.MX_USART2_UART_Init
                0x0000000008001060       0x54 ./Core/Src/main.o
 .text.MX_GPIO_Init
                0x00000000080010b4       0xb4 ./Core/Src/main.o
 .text.HAL_TIM_PeriodElapsedCallback
                0x0000000008001168       0x14 ./Core/Src/main.o
                0x0000000008001168                HAL_TIM_PeriodElapsedCallback
 .text.Error_Handler
                0x000000000800117c        0xa ./Core/Src/main.o
                0x000000000800117c                Error_Handler
 *fill*         0x0000000008001186        0x2 
 .text.turnOffAllLED
                0x0000000008001188       0x18 ./Core/Src/physics.o
                0x0000000008001188                turnOffAllLED
 .text.turnOnRed
                0x00000000080011a0       0x50 ./Core/Src/physics.o
                0x00000000080011a0                turnOnRed
 .text.turnOnAmber
                0x00000000080011f0       0x54 ./Core/Src/physics.o
                0x00000000080011f0                turnOnAmber
 .text.turnOnGreen
                0x0000000008001244       0x54 ./Core/Src/physics.o
                0x0000000008001244                turnOnGreen
 .text.blinkyRed
                0x0000000008001298       0x34 ./Core/Src/physics.o
                0x0000000008001298                blinkyRed
 .text.blinkyAmber
                0x00000000080012cc       0x34 ./Core/Src/physics.o
                0x00000000080012cc                blinkyAmber
 .text.blinkyGreen
                0x0000000008001300       0x34 ./Core/Src/physics.o
                0x0000000008001300                blinkyGreen
 .text.clearRoadLed
                0x0000000008001334       0x18 ./Core/Src/physics.o
                0x0000000008001334                clearRoadLed
 .text.setPedestrianLed
                0x000000000800134c       0x4c ./Core/Src/physics.o
                0x000000000800134c                setPedestrianLed
 .text.unsetPedestrianLed
                0x0000000008001398       0x38 ./Core/Src/physics.o
                0x0000000008001398                unsetPedestrianLed
 .text.Add_Node
                0x00000000080013d0       0x54 ./Core/Src/scheduler.o
                0x00000000080013d0                Add_Node
 .text.SCH_Init
                0x0000000008001424       0x34 ./Core/Src/scheduler.o
                0x0000000008001424                SCH_Init
 .text.SCH_Add_Task
                0x0000000008001458      0x1cc ./Core/Src/scheduler.o
                0x0000000008001458                SCH_Add_Task
 .text.SCH_Delete_Task
                0x0000000008001624       0xb4 ./Core/Src/scheduler.o
                0x0000000008001624                SCH_Delete_Task
 .text.SCH_Update
                0x00000000080016d8       0x38 ./Core/Src/scheduler.o
                0x00000000080016d8                SCH_Update
 .text.SCH_Dispatch_Tasks
                0x0000000008001710       0x5c ./Core/Src/scheduler.o
                0x0000000008001710                SCH_Dispatch_Tasks
 .text.setTimer
                0x000000000800176c       0x40 ./Core/Src/software_timer.o
                0x000000000800176c                setTimer
 .text.timerRun
                0x00000000080017ac       0x60 ./Core/Src/software_timer.o
                0x00000000080017ac                timerRun
 .text.HAL_MspInit
                0x000000000800180c       0x64 ./Core/Src/stm32f1xx_hal_msp.o
                0x000000000800180c                HAL_MspInit
 .text.HAL_TIM_Base_MspInit
                0x0000000008001870       0x70 ./Core/Src/stm32f1xx_hal_msp.o
                0x0000000008001870                HAL_TIM_Base_MspInit
 .text.HAL_TIM_MspPostInit
                0x00000000080018e0       0x64 ./Core/Src/stm32f1xx_hal_msp.o
                0x00000000080018e0                HAL_TIM_MspPostInit
 .text.HAL_UART_MspInit
                0x0000000008001944       0xa4 ./Core/Src/stm32f1xx_hal_msp.o
                0x0000000008001944                HAL_UART_MspInit
 .text.NMI_Handler
                0x00000000080019e8        0x6 ./Core/Src/stm32f1xx_it.o
                0x00000000080019e8                NMI_Handler
 .text.HardFault_Handler
                0x00000000080019ee        0x6 ./Core/Src/stm32f1xx_it.o
                0x00000000080019ee                HardFault_Handler
 .text.MemManage_Handler
                0x00000000080019f4        0x6 ./Core/Src/stm32f1xx_it.o
                0x00000000080019f4                MemManage_Handler
 .text.BusFault_Handler
                0x00000000080019fa        0x6 ./Core/Src/stm32f1xx_it.o
                0x00000000080019fa                BusFault_Handler
 .text.UsageFault_Handler
                0x0000000008001a00        0x6 ./Core/Src/stm32f1xx_it.o
                0x0000000008001a00                UsageFault_Handler
 .text.SVC_Handler
                0x0000000008001a06        0xc ./Core/Src/stm32f1xx_it.o
                0x0000000008001a06                SVC_Handler
 .text.DebugMon_Handler
                0x0000000008001a12        0xc ./Core/Src/stm32f1xx_it.o
                0x0000000008001a12                DebugMon_Handler
 .text.PendSV_Handler
                0x0000000008001a1e        0xc ./Core/Src/stm32f1xx_it.o
                0x0000000008001a1e                PendSV_Handler
 .text.SysTick_Handler
                0x0000000008001a2a        0xc ./Core/Src/stm32f1xx_it.o
                0x0000000008001a2a                SysTick_Handler
 *fill*         0x0000000008001a36        0x2 
 .text.TIM2_IRQHandler
                0x0000000008001a38       0x14 ./Core/Src/stm32f1xx_it.o
                0x0000000008001a38                TIM2_IRQHandler
 .text.USART2_IRQHandler
                0x0000000008001a4c       0x14 ./Core/Src/stm32f1xx_it.o
                0x0000000008001a4c                USART2_IRQHandler
 .text._sbrk    0x0000000008001a60       0x6c ./Core/Src/sysmem.o
                0x0000000008001a60                _sbrk
 .text.SystemInit
                0x0000000008001acc        0xc ./Core/Src/system_stm32f1xx.o
                0x0000000008001acc                SystemInit
 .text.Reset_Handler
                0x0000000008001ad8       0x48 ./Core/Startup/startup_stm32f103c6ux.o
                0x0000000008001ad8                Reset_Handler
 .text.Default_Handler
                0x0000000008001b20        0x2 ./Core/Startup/startup_stm32f103c6ux.o
                0x0000000008001b20                RTC_Alarm_IRQHandler
                0x0000000008001b20                EXTI2_IRQHandler
                0x0000000008001b20                TIM1_CC_IRQHandler
                0x0000000008001b20                PVD_IRQHandler
                0x0000000008001b20                EXTI3_IRQHandler
                0x0000000008001b20                EXTI0_IRQHandler
                0x0000000008001b20                ADC1_2_IRQHandler
                0x0000000008001b20                SPI1_IRQHandler
                0x0000000008001b20                TAMPER_IRQHandler
                0x0000000008001b20                DMA1_Channel4_IRQHandler
                0x0000000008001b20                RTC_IRQHandler
                0x0000000008001b20                DMA1_Channel7_IRQHandler
                0x0000000008001b20                CAN1_RX1_IRQHandler
                0x0000000008001b20                I2C1_EV_IRQHandler
                0x0000000008001b20                DMA1_Channel6_IRQHandler
                0x0000000008001b20                TIM3_IRQHandler
                0x0000000008001b20                RCC_IRQHandler
                0x0000000008001b20                TIM1_TRG_COM_IRQHandler
                0x0000000008001b20                DMA1_Channel1_IRQHandler
                0x0000000008001b20                Default_Handler
                0x0000000008001b20                EXTI15_10_IRQHandler
                0x0000000008001b20                EXTI9_5_IRQHandler
                0x0000000008001b20                DMA1_Channel5_IRQHandler
                0x0000000008001b20                EXTI4_IRQHandler
                0x0000000008001b20                USB_LP_CAN1_RX0_IRQHandler
                0x0000000008001b20                USB_HP_CAN1_TX_IRQHandler
                0x0000000008001b20                DMA1_Channel3_IRQHandler
                0x0000000008001b20                TIM1_UP_IRQHandler
                0x0000000008001b20                WWDG_IRQHandler
                0x0000000008001b20                TIM1_BRK_IRQHandler
                0x0000000008001b20                EXTI1_IRQHandler
                0x0000000008001b20                DMA1_Channel2_IRQHandler
                0x0000000008001b20                CAN1_SCE_IRQHandler
                0x0000000008001b20                FLASH_IRQHandler
                0x0000000008001b20                USART1_IRQHandler
                0x0000000008001b20                I2C1_ER_IRQHandler
                0x0000000008001b20                USBWakeUp_IRQHandler
 *fill*         0x0000000008001b22        0x2 
 .text.HAL_Init
                0x0000000008001b24       0x2c ./Drivers/STM32F1xx_HAL_Driver/Src/stm32f1xx_hal.o
                0x0000000008001b24                HAL_Init
 .text.HAL_InitTick
                0x0000000008001b50       0x60 ./Drivers/STM32F1xx_HAL_Driver/Src/stm32f1xx_hal.o
                0x0000000008001b50                HAL_InitTick
 .text.HAL_IncTick
                0x0000000008001bb0       0x24 ./Drivers/STM32F1xx_HAL_Driver/Src/stm32f1xx_hal.o
                0x0000000008001bb0                HAL_IncTick
 .text.HAL_GetTick
                0x0000000008001bd4       0x14 ./Drivers/STM32F1xx_HAL_Driver/Src/stm32f1xx_hal.o
                0x0000000008001bd4                HAL_GetTick
 .text.__NVIC_SetPriorityGrouping
                0x0000000008001be8       0x48 ./Drivers/STM32F1xx_HAL_Driver/Src/stm32f1xx_hal_cortex.o
 .text.__NVIC_GetPriorityGrouping
                0x0000000008001c30       0x1c ./Drivers/STM32F1xx_HAL_Driver/Src/stm32f1xx_hal_cortex.o
 .text.__NVIC_EnableIRQ
                0x0000000008001c4c       0x38 ./Drivers/STM32F1xx_HAL_Driver/Src/stm32f1xx_hal_cortex.o
 .text.__NVIC_SetPriority
                0x0000000008001c84       0x54 ./Drivers/STM32F1xx_HAL_Driver/Src/stm32f1xx_hal_cortex.o
 .text.NVIC_EncodePriority
                0x0000000008001cd8       0x64 ./Drivers/STM32F1xx_HAL_Driver/Src/stm32f1xx_hal_cortex.o
 .text.SysTick_Config
                0x0000000008001d3c       0x44 ./Drivers/STM32F1xx_HAL_Driver/Src/stm32f1xx_hal_cortex.o
 .text.HAL_NVIC_SetPriorityGrouping
                0x0000000008001d80       0x16 ./Drivers/STM32F1xx_HAL_Driver/Src/stm32f1xx_hal_cortex.o
                0x0000000008001d80                HAL_NVIC_SetPriorityGrouping
 .text.HAL_NVIC_SetPriority
                0x0000000008001d96       0x38 ./Drivers/STM32F1xx_HAL_Driver/Src/stm32f1xx_hal_cortex.o
                0x0000000008001d96                HAL_NVIC_SetPriority
 .text.HAL_NVIC_EnableIRQ
                0x0000000008001dce       0x1c ./Drivers/STM32F1xx_HAL_Driver/Src/stm32f1xx_hal_cortex.o
                0x0000000008001dce                HAL_NVIC_EnableIRQ
 .text.HAL_SYSTICK_Config
                0x0000000008001dea       0x18 ./Drivers/STM32F1xx_HAL_Driver/Src/stm32f1xx_hal_cortex.o
                0x0000000008001dea                HAL_SYSTICK_Config
 .text.HAL_DMA_Abort
                0x0000000008001e02       0x74 ./Drivers/STM32F1xx_HAL_Driver/Src/stm32f1xx_hal_dma.o
                0x0000000008001e02                HAL_DMA_Abort
 *fill*         0x0000000008001e76        0x2 
 .text.HAL_DMA_Abort_IT
                0x0000000008001e78       0xec ./Drivers/STM32F1xx_HAL_Driver/Src/stm32f1xx_hal_dma.o
                0x0000000008001e78                HAL_DMA_Abort_IT
 .text.HAL_GPIO_Init
                0x0000000008001f64      0x2f4 ./Drivers/STM32F1xx_HAL_Driver/Src/stm32f1xx_hal_gpio.o
                0x0000000008001f64                HAL_GPIO_Init
 .text.HAL_GPIO_ReadPin
                0x0000000008002258       0x2e ./Drivers/STM32F1xx_HAL_Driver/Src/stm32f1xx_hal_gpio.o
                0x0000000008002258                HAL_GPIO_ReadPin
 .text.HAL_GPIO_WritePin
                0x0000000008002286       0x30 ./Drivers/STM32F1xx_HAL_Driver/Src/stm32f1xx_hal_gpio.o
                0x0000000008002286                HAL_GPIO_WritePin
 .text.HAL_GPIO_TogglePin
                0x00000000080022b6       0x32 ./Drivers/STM32F1xx_HAL_Driver/Src/stm32f1xx_hal_gpio.o
                0x00000000080022b6                HAL_GPIO_TogglePin
 .text.HAL_RCC_OscConfig
                0x00000000080022e8      0x500 ./Drivers/STM32F1xx_HAL_Driver/Src/stm32f1xx_hal_rcc.o
                0x00000000080022e8                HAL_RCC_OscConfig
 .text.HAL_RCC_ClockConfig
                0x00000000080027e8      0x1d4 ./Drivers/STM32F1xx_HAL_Driver/Src/stm32f1xx_hal_rcc.o
                0x00000000080027e8                HAL_RCC_ClockConfig
 .text.HAL_RCC_GetSysClockFreq
                0x00000000080029bc       0xc0 ./Drivers/STM32F1xx_HAL_Driver/Src/stm32f1xx_hal_rcc.o
                0x00000000080029bc                HAL_RCC_GetSysClockFreq
 .text.HAL_RCC_GetHCLKFreq
                0x0000000008002a7c       0x14 ./Drivers/STM32F1xx_HAL_Driver/Src/stm32f1xx_hal_rcc.o
                0x0000000008002a7c                HAL_RCC_GetHCLKFreq
 .text.HAL_RCC_GetPCLK1Freq
                0x0000000008002a90       0x28 ./Drivers/STM32F1xx_HAL_Driver/Src/stm32f1xx_hal_rcc.o
                0x0000000008002a90                HAL_RCC_GetPCLK1Freq
 .text.HAL_RCC_GetPCLK2Freq
                0x0000000008002ab8       0x28 ./Drivers/STM32F1xx_HAL_Driver/Src/stm32f1xx_hal_rcc.o
                0x0000000008002ab8                HAL_RCC_GetPCLK2Freq
 .text.RCC_Delay
                0x0000000008002ae0       0x3c ./Drivers/STM32F1xx_HAL_Driver/Src/stm32f1xx_hal_rcc.o
 .text.HAL_TIM_Base_Init
                0x0000000008002b1c       0x9e ./Drivers/STM32F1xx_HAL_Driver/Src/stm32f1xx_hal_tim.o
                0x0000000008002b1c                HAL_TIM_Base_Init
 *fill*         0x0000000008002bba        0x2 
 .text.HAL_TIM_Base_Start_IT
                0x0000000008002bbc       0x98 ./Drivers/STM32F1xx_HAL_Driver/Src/stm32f1xx_hal_tim.o
                0x0000000008002bbc                HAL_TIM_Base_Start_IT
 .text.HAL_TIM_PWM_Init
                0x0000000008002c54       0x9e ./Drivers/STM32F1xx_HAL_Driver/Src/stm32f1xx_hal_tim.o
                0x0000000008002c54                HAL_TIM_PWM_Init
 .text.HAL_TIM_PWM_MspInit
                0x0000000008002cf2       0x12 ./Drivers/STM32F1xx_HAL_Driver/Src/stm32f1xx_hal_tim.o
                0x0000000008002cf2                HAL_TIM_PWM_MspInit
 .text.HAL_TIM_PWM_Start
                0x0000000008002d04      0x138 ./Drivers/STM32F1xx_HAL_Driver/Src/stm32f1xx_hal_tim.o
                0x0000000008002d04                HAL_TIM_PWM_Start
 .text.HAL_TIM_IRQHandler
                0x0000000008002e3c      0x210 ./Drivers/STM32F1xx_HAL_Driver/Src/stm32f1xx_hal_tim.o
                0x0000000008002e3c                HAL_TIM_IRQHandler
 .text.HAL_TIM_PWM_ConfigChannel
                0x000000000800304c      0x17c ./Drivers/STM32F1xx_HAL_Driver/Src/stm32f1xx_hal_tim.o
                0x000000000800304c                HAL_TIM_PWM_ConfigChannel
 .text.HAL_TIM_ConfigClockSource
                0x00000000080031c8      0x188 ./Drivers/STM32F1xx_HAL_Driver/Src/stm32f1xx_hal_tim.o
                0x00000000080031c8                HAL_TIM_ConfigClockSource
 .text.HAL_TIM_OC_DelayElapsedCallback
                0x0000000008003350       0x12 ./Drivers/STM32F1xx_HAL_Driver/Src/stm32f1xx_hal_tim.o
                0x0000000008003350                HAL_TIM_OC_DelayElapsedCallback
 .text.HAL_TIM_IC_CaptureCallback
                0x0000000008003362       0x12 ./Drivers/STM32F1xx_HAL_Driver/Src/stm32f1xx_hal_tim.o
                0x0000000008003362                HAL_TIM_IC_CaptureCallback
 .text.HAL_TIM_PWM_PulseFinishedCallback
                0x0000000008003374       0x12 ./Drivers/STM32F1xx_HAL_Driver/Src/stm32f1xx_hal_tim.o
                0x0000000008003374                HAL_TIM_PWM_PulseFinishedCallback
 .text.HAL_TIM_TriggerCallback
                0x0000000008003386       0x12 ./Drivers/STM32F1xx_HAL_Driver/Src/stm32f1xx_hal_tim.o
                0x0000000008003386                HAL_TIM_TriggerCallback
 .text.TIM_Base_SetConfig
                0x0000000008003398       0xb0 ./Drivers/STM32F1xx_HAL_Driver/Src/stm32f1xx_hal_tim.o
                0x0000000008003398                TIM_Base_SetConfig
 .text.TIM_OC1_SetConfig
                0x0000000008003448       0xcc ./Drivers/STM32F1xx_HAL_Driver/Src/stm32f1xx_hal_tim.o
 .text.TIM_OC2_SetConfig
                0x0000000008003514       0xd4 ./Drivers/STM32F1xx_HAL_Driver/Src/stm32f1xx_hal_tim.o
                0x0000000008003514                TIM_OC2_SetConfig
 .text.TIM_OC3_SetConfig
                0x00000000080035e8       0xd4 ./Drivers/STM32F1xx_HAL_Driver/Src/stm32f1xx_hal_tim.o
 .text.TIM_OC4_SetConfig
                0x00000000080036bc       0x9c ./Drivers/STM32F1xx_HAL_Driver/Src/stm32f1xx_hal_tim.o
 .text.TIM_TI1_ConfigInputStage
                0x0000000008003758       0x5c ./Drivers/STM32F1xx_HAL_Driver/Src/stm32f1xx_hal_tim.o
 .text.TIM_TI2_ConfigInputStage
                0x00000000080037b4       0x5e ./Drivers/STM32F1xx_HAL_Driver/Src/stm32f1xx_hal_tim.o
 .text.TIM_ITRx_SetConfig
                0x0000000008003812       0x34 ./Drivers/STM32F1xx_HAL_Driver/Src/stm32f1xx_hal_tim.o
 .text.TIM_ETR_SetConfig
                0x0000000008003846       0x3e ./Drivers/STM32F1xx_HAL_Driver/Src/stm32f1xx_hal_tim.o
                0x0000000008003846                TIM_ETR_SetConfig
 .text.TIM_CCxChannelCmd
                0x0000000008003884       0x48 ./Drivers/STM32F1xx_HAL_Driver/Src/stm32f1xx_hal_tim.o
                0x0000000008003884                TIM_CCxChannelCmd
 .text.HAL_TIMEx_MasterConfigSynchronization
                0x00000000080038cc       0xb0 ./Drivers/STM32F1xx_HAL_Driver/Src/stm32f1xx_hal_tim_ex.o
                0x00000000080038cc                HAL_TIMEx_MasterConfigSynchronization
 .text.HAL_TIMEx_CommutCallback
                0x000000000800397c       0x12 ./Drivers/STM32F1xx_HAL_Driver/Src/stm32f1xx_hal_tim_ex.o
                0x000000000800397c                HAL_TIMEx_CommutCallback
 .text.HAL_TIMEx_BreakCallback
                0x000000000800398e       0x12 ./Drivers/STM32F1xx_HAL_Driver/Src/stm32f1xx_hal_tim_ex.o
                0x000000000800398e                HAL_TIMEx_BreakCallback
 .text.HAL_UART_Init
                0x00000000080039a0       0x9a ./Drivers/STM32F1xx_HAL_Driver/Src/stm32f1xx_hal_uart.o
                0x00000000080039a0                HAL_UART_Init
 .text.HAL_UART_Transmit
                0x0000000008003a3a      0x124 ./Drivers/STM32F1xx_HAL_Driver/Src/stm32f1xx_hal_uart.o
                0x0000000008003a3a                HAL_UART_Transmit
 *fill*         0x0000000008003b5e        0x2 
 .text.HAL_UART_IRQHandler
                0x0000000008003b60      0x354 ./Drivers/STM32F1xx_HAL_Driver/Src/stm32f1xx_hal_uart.o
                0x0000000008003b60                HAL_UART_IRQHandler
 .text.HAL_UART_TxCpltCallback
                0x0000000008003eb4       0x12 ./Drivers/STM32F1xx_HAL_Driver/Src/stm32f1xx_hal_uart.o
                0x0000000008003eb4                HAL_UART_TxCpltCallback
 .text.HAL_UART_RxCpltCallback
                0x0000000008003ec6       0x12 ./Drivers/STM32F1xx_HAL_Driver/Src/stm32f1xx_hal_uart.o
                0x0000000008003ec6                HAL_UART_RxCpltCallback
 .text.HAL_UART_ErrorCallback
                0x0000000008003ed8       0x12 ./Drivers/STM32F1xx_HAL_Driver/Src/stm32f1xx_hal_uart.o
                0x0000000008003ed8                HAL_UART_ErrorCallback
 .text.HAL_UARTEx_RxEventCallback
                0x0000000008003eea       0x16 ./Drivers/STM32F1xx_HAL_Driver/Src/stm32f1xx_hal_uart.o
                0x0000000008003eea                HAL_UARTEx_RxEventCallback
 .text.UART_WaitOnFlagUntilTimeout
                0x0000000008003f00       0x94 ./Drivers/STM32F1xx_HAL_Driver/Src/stm32f1xx_hal_uart.o
 .text.UART_EndRxTransfer
                0x0000000008003f94       0x58 ./Drivers/STM32F1xx_HAL_Driver/Src/stm32f1xx_hal_uart.o
 .text.UART_DMAAbortOnError
                0x0000000008003fec       0x28 ./Drivers/STM32F1xx_HAL_Driver/Src/stm32f1xx_hal_uart.o
 .text.UART_Transmit_IT
                0x0000000008004014       0x9e ./Drivers/STM32F1xx_HAL_Driver/Src/stm32f1xx_hal_uart.o
 .text.UART_EndTransmit_IT
                0x00000000080040b2       0x30 ./Drivers/STM32F1xx_HAL_Driver/Src/stm32f1xx_hal_uart.o
 .text.UART_Receive_IT
                0x00000000080040e2      0x152 ./Drivers/STM32F1xx_HAL_Driver/Src/stm32f1xx_hal_uart.o
 .text.UART_SetConfig
                0x0000000008004234      0x11c ./Drivers/STM32F1xx_HAL_Driver/Src/stm32f1xx_hal_uart.o
 .text.__errno  0x0000000008004350        0xc c:/program files (x86)/stm32cubeide_1.7.0/stm32cubeide/plugins/com.st.stm32cube.ide.mcu.externaltools.gnu-tools-for-stm32.9-2020-q2-update.win32_2.0.0.202105311346/tools/bin/../lib/gcc/arm-none-eabi/9.3.1/../../../../arm-none-eabi/lib/thumb/v7-m/nofp\libc_nano.a(lib_a-errno.o)
                0x0000000008004350                __errno
 .text.__libc_init_array
                0x000000000800435c       0x48 c:/program files (x86)/stm32cubeide_1.7.0/stm32cubeide/plugins/com.st.stm32cube.ide.mcu.externaltools.gnu-tools-for-stm32.9-2020-q2-update.win32_2.0.0.202105311346/tools/bin/../lib/gcc/arm-none-eabi/9.3.1/../../../../arm-none-eabi/lib/thumb/v7-m/nofp\libc_nano.a(lib_a-init.o)
                0x000000000800435c                __libc_init_array
 .text.malloc   0x00000000080043a4       0x10 c:/program files (x86)/stm32cubeide_1.7.0/stm32cubeide/plugins/com.st.stm32cube.ide.mcu.externaltools.gnu-tools-for-stm32.9-2020-q2-update.win32_2.0.0.202105311346/tools/bin/../lib/gcc/arm-none-eabi/9.3.1/../../../../arm-none-eabi/lib/thumb/v7-m/nofp\libc_nano.a(lib_a-malloc.o)
                0x00000000080043a4                malloc
 .text.memset   0x00000000080043b4       0x10 c:/program files (x86)/stm32cubeide_1.7.0/stm32cubeide/plugins/com.st.stm32cube.ide.mcu.externaltools.gnu-tools-for-stm32.9-2020-q2-update.win32_2.0.0.202105311346/tools/bin/../lib/gcc/arm-none-eabi/9.3.1/../../../../arm-none-eabi/lib/thumb/v7-m/nofp\libc_nano.a(lib_a-memset.o)
                0x00000000080043b4                memset
 .text._free_r  0x00000000080043c4       0x98 c:/program files (x86)/stm32cubeide_1.7.0/stm32cubeide/plugins/com.st.stm32cube.ide.mcu.externaltools.gnu-tools-for-stm32.9-2020-q2-update.win32_2.0.0.202105311346/tools/bin/../lib/gcc/arm-none-eabi/9.3.1/../../../../arm-none-eabi/lib/thumb/v7-m/nofp\libc_nano.a(lib_a-nano-freer.o)
                0x00000000080043c4                _free_r
 .text._malloc_r
                0x000000000800445c       0xb4 c:/program files (x86)/stm32cubeide_1.7.0/stm32cubeide/plugins/com.st.stm32cube.ide.mcu.externaltools.gnu-tools-for-stm32.9-2020-q2-update.win32_2.0.0.202105311346/tools/bin/../lib/gcc/arm-none-eabi/9.3.1/../../../../arm-none-eabi/lib/thumb/v7-m/nofp\libc_nano.a(lib_a-nano-mallocr.o)
                0x000000000800445c                _malloc_r
 .text._sbrk_r  0x0000000008004510       0x20 c:/program files (x86)/stm32cubeide_1.7.0/stm32cubeide/plugins/com.st.stm32cube.ide.mcu.externaltools.gnu-tools-for-stm32.9-2020-q2-update.win32_2.0.0.202105311346/tools/bin/../lib/gcc/arm-none-eabi/9.3.1/../../../../arm-none-eabi/lib/thumb/v7-m/nofp\libc_nano.a(lib_a-sbrkr.o)
                0x0000000008004510                _sbrk_r
 .text.sprintf  0x0000000008004530       0x40 c:/program files (x86)/stm32cubeide_1.7.0/stm32cubeide/plugins/com.st.stm32cube.ide.mcu.externaltools.gnu-tools-for-stm32.9-2020-q2-update.win32_2.0.0.202105311346/tools/bin/../lib/gcc/arm-none-eabi/9.3.1/../../../../arm-none-eabi/lib/thumb/v7-m/nofp\libc_nano.a(lib_a-sprintf.o)
                0x0000000008004530                siprintf
                0x0000000008004530                sprintf
 .text.__malloc_lock
                0x0000000008004570        0xc c:/program files (x86)/stm32cubeide_1.7.0/stm32cubeide/plugins/com.st.stm32cube.ide.mcu.externaltools.gnu-tools-for-stm32.9-2020-q2-update.win32_2.0.0.202105311346/tools/bin/../lib/gcc/arm-none-eabi/9.3.1/../../../../arm-none-eabi/lib/thumb/v7-m/nofp\libc_nano.a(lib_a-mlock.o)
                0x0000000008004570                __malloc_lock
 .text.__malloc_unlock
                0x000000000800457c        0xc c:/program files (x86)/stm32cubeide_1.7.0/stm32cubeide/plugins/com.st.stm32cube.ide.mcu.externaltools.gnu-tools-for-stm32.9-2020-q2-update.win32_2.0.0.202105311346/tools/bin/../lib/gcc/arm-none-eabi/9.3.1/../../../../arm-none-eabi/lib/thumb/v7-m/nofp\libc_nano.a(lib_a-mlock.o)
                0x000000000800457c                __malloc_unlock
 .text.__ssputs_r
                0x0000000008004588       0xb6 c:/program files (x86)/stm32cubeide_1.7.0/stm32cubeide/plugins/com.st.stm32cube.ide.mcu.externaltools.gnu-tools-for-stm32.9-2020-q2-update.win32_2.0.0.202105311346/tools/bin/../lib/gcc/arm-none-eabi/9.3.1/../../../../arm-none-eabi/lib/thumb/v7-m/nofp\libc_nano.a(lib_a-nano-svfprintf.o)
                0x0000000008004588                __ssputs_r
 *fill*         0x000000000800463e        0x2 
 .text._svfprintf_r
                0x0000000008004640      0x200 c:/program files (x86)/stm32cubeide_1.7.0/stm32cubeide/plugins/com.st.stm32cube.ide.mcu.externaltools.gnu-tools-for-stm32.9-2020-q2-update.win32_2.0.0.202105311346/tools/bin/../lib/gcc/arm-none-eabi/9.3.1/../../../../arm-none-eabi/lib/thumb/v7-m/nofp\libc_nano.a(lib_a-nano-svfprintf.o)
                0x0000000008004640                _svfiprintf_r
                0x0000000008004640                _svfprintf_r
 .text._printf_common
                0x0000000008004840       0xde c:/program files (x86)/stm32cubeide_1.7.0/stm32cubeide/plugins/com.st.stm32cube.ide.mcu.externaltools.gnu-tools-for-stm32.9-2020-q2-update.win32_2.0.0.202105311346/tools/bin/../lib/gcc/arm-none-eabi/9.3.1/../../../../arm-none-eabi/lib/thumb/v7-m/nofp\libc_nano.a(lib_a-nano-vfprintf_i.o)
                0x0000000008004840                _printf_common
 *fill*         0x000000000800491e        0x2 
 .text._printf_i
                0x0000000008004920      0x24c c:/program files (x86)/stm32cubeide_1.7.0/stm32cubeide/plugins/com.st.stm32cube.ide.mcu.externaltools.gnu-tools-for-stm32.9-2020-q2-update.win32_2.0.0.202105311346/tools/bin/../lib/gcc/arm-none-eabi/9.3.1/../../../../arm-none-eabi/lib/thumb/v7-m/nofp\libc_nano.a(lib_a-nano-vfprintf_i.o)
                0x0000000008004920                _printf_i
 .text.__retarget_lock_acquire_recursive
                0x0000000008004b6c        0x2 c:/program files (x86)/stm32cubeide_1.7.0/stm32cubeide/plugins/com.st.stm32cube.ide.mcu.externaltools.gnu-tools-for-stm32.9-2020-q2-update.win32_2.0.0.202105311346/tools/bin/../lib/gcc/arm-none-eabi/9.3.1/../../../../arm-none-eabi/lib/thumb/v7-m/nofp\libc_nano.a(lib_a-lock.o)
                0x0000000008004b6c                __retarget_lock_acquire_recursive
 .text.__retarget_lock_release_recursive
                0x0000000008004b6e        0x2 c:/program files (x86)/stm32cubeide_1.7.0/stm32cubeide/plugins/com.st.stm32cube.ide.mcu.externaltools.gnu-tools-for-stm32.9-2020-q2-update.win32_2.0.0.202105311346/tools/bin/../lib/gcc/arm-none-eabi/9.3.1/../../../../arm-none-eabi/lib/thumb/v7-m/nofp\libc_nano.a(lib_a-lock.o)
                0x0000000008004b6e                __retarget_lock_release_recursive
 .text.memchr   0x0000000008004b70       0x1c c:/program files (x86)/stm32cubeide_1.7.0/stm32cubeide/plugins/com.st.stm32cube.ide.mcu.externaltools.gnu-tools-for-stm32.9-2020-q2-update.win32_2.0.0.202105311346/tools/bin/../lib/gcc/arm-none-eabi/9.3.1/../../../../arm-none-eabi/lib/thumb/v7-m/nofp\libc_nano.a(lib_a-memchr-stub.o)
                0x0000000008004b70                memchr
 .text.memcpy   0x0000000008004b8c       0x1c c:/program files (x86)/stm32cubeide_1.7.0/stm32cubeide/plugins/com.st.stm32cube.ide.mcu.externaltools.gnu-tools-for-stm32.9-2020-q2-update.win32_2.0.0.202105311346/tools/bin/../lib/gcc/arm-none-eabi/9.3.1/../../../../arm-none-eabi/lib/thumb/v7-m/nofp\libc_nano.a(lib_a-memcpy-stub.o)
                0x0000000008004b8c                memcpy
 .text.memmove  0x0000000008004ba8       0x34 c:/program files (x86)/stm32cubeide_1.7.0/stm32cubeide/plugins/com.st.stm32cube.ide.mcu.externaltools.gnu-tools-for-stm32.9-2020-q2-update.win32_2.0.0.202105311346/tools/bin/../lib/gcc/arm-none-eabi/9.3.1/../../../../arm-none-eabi/lib/thumb/v7-m/nofp\libc_nano.a(lib_a-memmove.o)
                0x0000000008004ba8                memmove
 .text._realloc_r
                0x0000000008004bdc       0x4c c:/program files (x86)/stm32cubeide_1.7.0/stm32cubeide/plugins/com.st.stm32cube.ide.mcu.externaltools.gnu-tools-for-stm32.9-2020-q2-update.win32_2.0.0.202105311346/tools/bin/../lib/gcc/arm-none-eabi/9.3.1/../../../../arm-none-eabi/lib/thumb/v7-m/nofp\libc_nano.a(lib_a-nano-reallocr.o)
                0x0000000008004bdc                _realloc_r
 .text._malloc_usable_size_r
                0x0000000008004c28       0x10 c:/program files (x86)/stm32cubeide_1.7.0/stm32cubeide/plugins/com.st.stm32cube.ide.mcu.externaltools.gnu-tools-for-stm32.9-2020-q2-update.win32_2.0.0.202105311346/tools/bin/../lib/gcc/arm-none-eabi/9.3.1/../../../../arm-none-eabi/lib/thumb/v7-m/nofp\libc_nano.a(lib_a-nano-msizer.o)
                0x0000000008004c28                _malloc_usable_size_r
 *(.glue_7)
 .glue_7        0x0000000008004c38        0x0 linker stubs
 *(.glue_7t)
 .glue_7t       0x0000000008004c38        0x0 linker stubs
 *(.eh_frame)
 .eh_frame      0x0000000008004c38        0x0 c:/program files (x86)/stm32cubeide_1.7.0/stm32cubeide/plugins/com.st.stm32cube.ide.mcu.externaltools.gnu-tools-for-stm32.9-2020-q2-update.win32_2.0.0.202105311346/tools/bin/../lib/gcc/arm-none-eabi/9.3.1/thumb/v7-m/nofp/crtbegin.o
 *(.init)
 .init          0x0000000008004c38        0x4 c:/program files (x86)/stm32cubeide_1.7.0/stm32cubeide/plugins/com.st.stm32cube.ide.mcu.externaltools.gnu-tools-for-stm32.9-2020-q2-update.win32_2.0.0.202105311346/tools/bin/../lib/gcc/arm-none-eabi/9.3.1/thumb/v7-m/nofp/crti.o
                0x0000000008004c38                _init
 .init          0x0000000008004c3c        0x8 c:/program files (x86)/stm32cubeide_1.7.0/stm32cubeide/plugins/com.st.stm32cube.ide.mcu.externaltools.gnu-tools-for-stm32.9-2020-q2-update.win32_2.0.0.202105311346/tools/bin/../lib/gcc/arm-none-eabi/9.3.1/thumb/v7-m/nofp/crtn.o
 *(.fini)
 .fini          0x0000000008004c44        0x4 c:/program files (x86)/stm32cubeide_1.7.0/stm32cubeide/plugins/com.st.stm32cube.ide.mcu.externaltools.gnu-tools-for-stm32.9-2020-q2-update.win32_2.0.0.202105311346/tools/bin/../lib/gcc/arm-none-eabi/9.3.1/thumb/v7-m/nofp/crti.o
                0x0000000008004c44                _fini
 .fini          0x0000000008004c48        0x8 c:/program files (x86)/stm32cubeide_1.7.0/stm32cubeide/plugins/com.st.stm32cube.ide.mcu.externaltools.gnu-tools-for-stm32.9-2020-q2-update.win32_2.0.0.202105311346/tools/bin/../lib/gcc/arm-none-eabi/9.3.1/thumb/v7-m/nofp/crtn.o
                0x0000000008004c50                . = ALIGN (0x4)
                0x0000000008004c50                _etext = .

.vfp11_veneer   0x0000000008004c50        0x0
 .vfp11_veneer  0x0000000008004c50        0x0 linker stubs

.v4_bx          0x0000000008004c50        0x0
 .v4_bx         0x0000000008004c50        0x0 linker stubs

.iplt           0x0000000008004c50        0x0
 .iplt          0x0000000008004c50        0x0 c:/program files (x86)/stm32cubeide_1.7.0/stm32cubeide/plugins/com.st.stm32cube.ide.mcu.externaltools.gnu-tools-for-stm32.9-2020-q2-update.win32_2.0.0.202105311346/tools/bin/../lib/gcc/arm-none-eabi/9.3.1/thumb/v7-m/nofp/crtbegin.o

.rodata         0x0000000008004c50      0x134
                0x0000000008004c50                . = ALIGN (0x4)
 *(.rodata)
 .rodata        0x0000000008004c50       0xd7 ./Core/Src/fsm.o
 *fill*         0x0000000008004d27        0x1 
 .rodata        0x0000000008004d28       0x10 ./Drivers/STM32F1xx_HAL_Driver/Src/stm32f1xx_hal_rcc.o
 *(.rodata*)
 .rodata.AHBPrescTable
                0x0000000008004d38       0x10 ./Core/Src/system_stm32f1xx.o
                0x0000000008004d38                AHBPrescTable
 .rodata.APBPrescTable
                0x0000000008004d48        0x8 ./Core/Src/system_stm32f1xx.o
                0x0000000008004d48                APBPrescTable
 .rodata._svfprintf_r.str1.1
                0x0000000008004d50       0x11 c:/program files (x86)/stm32cubeide_1.7.0/stm32cubeide/plugins/com.st.stm32cube.ide.mcu.externaltools.gnu-tools-for-stm32.9-2020-q2-update.win32_2.0.0.202105311346/tools/bin/../lib/gcc/arm-none-eabi/9.3.1/../../../../arm-none-eabi/lib/thumb/v7-m/nofp\libc_nano.a(lib_a-nano-svfprintf.o)
 .rodata._printf_i.str1.1
                0x0000000008004d61       0x22 c:/program files (x86)/stm32cubeide_1.7.0/stm32cubeide/plugins/com.st.stm32cube.ide.mcu.externaltools.gnu-tools-for-stm32.9-2020-q2-update.win32_2.0.0.202105311346/tools/bin/../lib/gcc/arm-none-eabi/9.3.1/../../../../arm-none-eabi/lib/thumb/v7-m/nofp\libc_nano.a(lib_a-nano-vfprintf_i.o)
                0x0000000008004d84                . = ALIGN (0x4)
 *fill*         0x0000000008004d83        0x1 

.rel.dyn        0x0000000008004d84        0x0
 .rel.iplt      0x0000000008004d84        0x0 c:/program files (x86)/stm32cubeide_1.7.0/stm32cubeide/plugins/com.st.stm32cube.ide.mcu.externaltools.gnu-tools-for-stm32.9-2020-q2-update.win32_2.0.0.202105311346/tools/bin/../lib/gcc/arm-none-eabi/9.3.1/thumb/v7-m/nofp/crtbegin.o

.ARM.extab      0x0000000008004d84        0x0
                0x0000000008004d84                . = ALIGN (0x4)
 *(.ARM.extab* .gnu.linkonce.armextab.*)
                0x0000000008004d84                . = ALIGN (0x4)

.ARM            0x0000000008004d84        0x0
                0x0000000008004d84                . = ALIGN (0x4)
                0x0000000008004d84                __exidx_start = .
 *(.ARM.exidx*)
                0x0000000008004d84                __exidx_end = .
                0x0000000008004d84                . = ALIGN (0x4)

.preinit_array  0x0000000008004d84        0x0
                0x0000000008004d84                . = ALIGN (0x4)
                0x0000000008004d84                PROVIDE (__preinit_array_start = .)
 *(.preinit_array*)
                0x0000000008004d84                PROVIDE (__preinit_array_end = .)
                0x0000000008004d84                . = ALIGN (0x4)

.init_array     0x0000000008004d84        0x4
                0x0000000008004d84                . = ALIGN (0x4)
                0x0000000008004d84                PROVIDE (__init_array_start = .)
 *(SORT_BY_NAME(.init_array.*))
 *(.init_array*)
 .init_array    0x0000000008004d84        0x4 c:/program files (x86)/stm32cubeide_1.7.0/stm32cubeide/plugins/com.st.stm32cube.ide.mcu.externaltools.gnu-tools-for-stm32.9-2020-q2-update.win32_2.0.0.202105311346/tools/bin/../lib/gcc/arm-none-eabi/9.3.1/thumb/v7-m/nofp/crtbegin.o
                0x0000000008004d88                PROVIDE (__init_array_end = .)
                0x0000000008004d88                . = ALIGN (0x4)

.fini_array     0x0000000008004d88        0x4
                0x0000000008004d88                . = ALIGN (0x4)
                [!provide]                        PROVIDE (__fini_array_start = .)
 *(SORT_BY_NAME(.fini_array.*))
 *(.fini_array*)
 .fini_array    0x0000000008004d88        0x4 c:/program files (x86)/stm32cubeide_1.7.0/stm32cubeide/plugins/com.st.stm32cube.ide.mcu.externaltools.gnu-tools-for-stm32.9-2020-q2-update.win32_2.0.0.202105311346/tools/bin/../lib/gcc/arm-none-eabi/9.3.1/thumb/v7-m/nofp/crtbegin.o
                [!provide]                        PROVIDE (__fini_array_end = .)
                0x0000000008004d8c                . = ALIGN (0x4)
                0x0000000008004d8c                _sidata = LOADADDR (.data)

.data           0x0000000020000000      0x11c load address 0x0000000008004d8c
                0x0000000020000000                . = ALIGN (0x4)
                0x0000000020000000                _sdata = .
 *(.data)
 *(.data*)
 .data.listButton
                0x0000000020000000       0x70 ./Core/Src/button.o
                0x0000000020000000                listButton
 .data.BUTTON_GPIO
                0x0000000020000070       0x10 ./Core/Src/button.o
                0x0000000020000070                BUTTON_GPIO
 .data.BUTTON_PIN
                0x0000000020000080        0x8 ./Core/Src/button.o
                0x0000000020000080                BUTTON_PIN
 .data.trafficMode
                0x0000000020000088        0x4 ./Core/Src/fsm.o
                0x0000000020000088                trafficMode
 .data.autoStatus
                0x000000002000008c        0x4 ./Core/Src/fsm.o
                0x000000002000008c                autoStatus
 .data.timeRed  0x0000000020000090        0x4 ./Core/Src/fsm.o
                0x0000000020000090                timeRed
 .data.timeAmber
                0x0000000020000094        0x4 ./Core/Src/fsm.o
                0x0000000020000094                timeAmber
 .data.timeGreen
                0x0000000020000098        0x4 ./Core/Src/fsm.o
                0x0000000020000098                timeGreen
 .data.timer_duration
                0x000000002000009c       0x10 ./Core/Src/software_timer.o
                0x000000002000009c                timer_duration
 .data.SystemCoreClock
                0x00000000200000ac        0x4 ./Core/Src/system_stm32f1xx.o
                0x00000000200000ac                SystemCoreClock
 .data.uwTickPrio
                0x00000000200000b0        0x4 ./Drivers/STM32F1xx_HAL_Driver/Src/stm32f1xx_hal.o
                0x00000000200000b0                uwTickPrio
 .data.uwTickFreq
                0x00000000200000b4        0x1 ./Drivers/STM32F1xx_HAL_Driver/Src/stm32f1xx_hal.o
                0x00000000200000b4                uwTickFreq
 *fill*         0x00000000200000b5        0x3 
 .data._impure_ptr
                0x00000000200000b8        0x4 c:/program files (x86)/stm32cubeide_1.7.0/stm32cubeide/plugins/com.st.stm32cube.ide.mcu.externaltools.gnu-tools-for-stm32.9-2020-q2-update.win32_2.0.0.202105311346/tools/bin/../lib/gcc/arm-none-eabi/9.3.1/../../../../arm-none-eabi/lib/thumb/v7-m/nofp\libc_nano.a(lib_a-impure.o)
                0x00000000200000b8                _impure_ptr
 .data.impure_data
                0x00000000200000bc       0x60 c:/program files (x86)/stm32cubeide_1.7.0/stm32cubeide/plugins/com.st.stm32cube.ide.mcu.externaltools.gnu-tools-for-stm32.9-2020-q2-update.win32_2.0.0.202105311346/tools/bin/../lib/gcc/arm-none-eabi/9.3.1/../../../../arm-none-eabi/lib/thumb/v7-m/nofp\libc_nano.a(lib_a-impure.o)
 *(.RamFunc)
 *(.RamFunc*)
                0x000000002000011c                . = ALIGN (0x4)
                0x000000002000011c                _edata = .

.igot.plt       0x000000002000011c        0x0 load address 0x0000000008004ea8
 .igot.plt      0x000000002000011c        0x0 c:/program files (x86)/stm32cubeide_1.7.0/stm32cubeide/plugins/com.st.stm32cube.ide.mcu.externaltools.gnu-tools-for-stm32.9-2020-q2-update.win32_2.0.0.202105311346/tools/bin/../lib/gcc/arm-none-eabi/9.3.1/thumb/v7-m/nofp/crtbegin.o
                0x000000002000011c                . = ALIGN (0x4)

.bss            0x000000002000011c      0x188 load address 0x0000000008004ea8
                0x000000002000011c                _sbss = .
                0x000000002000011c                __bss_start__ = _sbss
 *(.bss)
 .bss           0x000000002000011c       0x1c c:/program files (x86)/stm32cubeide_1.7.0/stm32cubeide/plugins/com.st.stm32cube.ide.mcu.externaltools.gnu-tools-for-stm32.9-2020-q2-update.win32_2.0.0.202105311346/tools/bin/../lib/gcc/arm-none-eabi/9.3.1/thumb/v7-m/nofp/crtbegin.o
 *(.bss*)
 .bss.manualStatus
                0x0000000020000138        0x4 ./Core/Src/fsm.o
                0x0000000020000138                manualStatus
 .bss.tuningStatus
                0x000000002000013c        0x4 ./Core/Src/fsm.o
                0x000000002000013c                tuningStatus
 .bss.pedStatus
                0x0000000020000140        0x4 ./Core/Src/fsm.o
                0x0000000020000140                pedStatus
 .bss.Buzzer    0x0000000020000144        0xc ./Core/Src/fsm.o
                0x0000000020000144                Buzzer
 .bss.clock_counter_main
                0x0000000020000150        0x4 ./Core/Src/fsm.o
                0x0000000020000150                clock_counter_main
 .bss.clock_counter_side
                0x0000000020000154        0x4 ./Core/Src/fsm.o
                0x0000000020000154                clock_counter_side
 .bss.timer_counter
                0x0000000020000158       0x10 ./Core/Src/software_timer.o
                0x0000000020000158                timer_counter
 .bss.timer_flag
                0x0000000020000168       0x10 ./Core/Src/software_timer.o
                0x0000000020000168                timer_flag
 .bss.__sbrk_heap_end
                0x0000000020000178        0x4 ./Core/Src/sysmem.o
 .bss.__malloc_free_list
                0x000000002000017c        0x4 c:/program files (x86)/stm32cubeide_1.7.0/stm32cubeide/plugins/com.st.stm32cube.ide.mcu.externaltools.gnu-tools-for-stm32.9-2020-q2-update.win32_2.0.0.202105311346/tools/bin/../lib/gcc/arm-none-eabi/9.3.1/../../../../arm-none-eabi/lib/thumb/v7-m/nofp\libc_nano.a(lib_a-nano-mallocr.o)
                0x000000002000017c                __malloc_free_list
 .bss.__malloc_sbrk_start
                0x0000000020000180        0x4 c:/program files (x86)/stm32cubeide_1.7.0/stm32cubeide/plugins/com.st.stm32cube.ide.mcu.externaltools.gnu-tools-for-stm32.9-2020-q2-update.win32_2.0.0.202105311346/tools/bin/../lib/gcc/arm-none-eabi/9.3.1/../../../../arm-none-eabi/lib/thumb/v7-m/nofp\libc_nano.a(lib_a-nano-mallocr.o)
                0x0000000020000180                __malloc_sbrk_start
 *(COMMON)
 COMMON         0x0000000020000184       0xbe ./Core/Src/global.o
                0x0000000020000184                htim3
                0x00000000200001cc                huart2
                0x0000000020000210                str
 *fill*         0x0000000020000242        0x2 
 COMMON         0x0000000020000244       0x48 ./Core/Src/main.o
                0x0000000020000244                htim2
 COMMON         0x000000002000028c        0x4 ./Core/Src/scheduler.o
                0x000000002000028c                container
 COMMON         0x0000000020000290        0x4 ./Drivers/STM32F1xx_HAL_Driver/Src/stm32f1xx_hal.o
                0x0000000020000290                uwTick
 COMMON         0x0000000020000294        0x4 c:/program files (x86)/stm32cubeide_1.7.0/stm32cubeide/plugins/com.st.stm32cube.ide.mcu.externaltools.gnu-tools-for-stm32.9-2020-q2-update.win32_2.0.0.202105311346/tools/bin/../lib/gcc/arm-none-eabi/9.3.1/../../../../arm-none-eabi/lib/thumb/v7-m/nofp\libc_nano.a(lib_a-reent.o)
                0x0000000020000294                errno
 COMMON         0x0000000020000298        0x9 c:/program files (x86)/stm32cubeide_1.7.0/stm32cubeide/plugins/com.st.stm32cube.ide.mcu.externaltools.gnu-tools-for-stm32.9-2020-q2-update.win32_2.0.0.202105311346/tools/bin/../lib/gcc/arm-none-eabi/9.3.1/../../../../arm-none-eabi/lib/thumb/v7-m/nofp\libc_nano.a(lib_a-lock.o)
                0x0000000020000298                __lock___atexit_recursive_mutex
                0x0000000020000299                __lock___arc4random_mutex
                0x000000002000029a                __lock___env_recursive_mutex
                0x000000002000029b                __lock___sinit_recursive_mutex
                0x000000002000029c                __lock___malloc_recursive_mutex
                0x000000002000029d                __lock___at_quick_exit_mutex
                0x000000002000029e                __lock___dd_hash_mutex
                0x000000002000029f                __lock___tz_mutex
                0x00000000200002a0                __lock___sfp_recursive_mutex
                0x00000000200002a4                . = ALIGN (0x4)
 *fill*         0x00000000200002a1        0x3 
                0x00000000200002a4                _ebss = .
                0x00000000200002a4                __bss_end__ = _ebss

._user_heap_stack
                0x00000000200002a4      0x604 load address 0x0000000008004ea8
                0x00000000200002a8                . = ALIGN (0x8)
 *fill*         0x00000000200002a4        0x4 
                [!provide]                        PROVIDE (end = .)
                0x00000000200002a8                PROVIDE (_end = .)
                0x00000000200004a8                . = (. + _Min_Heap_Size)
 *fill*         0x00000000200002a8      0x200 
                0x00000000200008a8                . = (. + _Min_Stack_Size)
 *fill*         0x00000000200004a8      0x400 
                0x00000000200008a8                . = ALIGN (0x8)

/DISCARD/
 libc.a(*)
 libm.a(*)
 libgcc.a(*)

.ARM.attributes
                0x0000000000000000       0x29
 *(.ARM.attributes)
 .ARM.attributes
                0x0000000000000000       0x1d c:/program files (x86)/stm32cubeide_1.7.0/stm32cubeide/plugins/com.st.stm32cube.ide.mcu.externaltools.gnu-tools-for-stm32.9-2020-q2-update.win32_2.0.0.202105311346/tools/bin/../lib/gcc/arm-none-eabi/9.3.1/thumb/v7-m/nofp/crti.o
 .ARM.attributes
                0x000000000000001d       0x2d c:/program files (x86)/stm32cubeide_1.7.0/stm32cubeide/plugins/com.st.stm32cube.ide.mcu.externaltools.gnu-tools-for-stm32.9-2020-q2-update.win32_2.0.0.202105311346/tools/bin/../lib/gcc/arm-none-eabi/9.3.1/thumb/v7-m/nofp/crtbegin.o
 .ARM.attributes
                0x000000000000004a       0x2d ./Core/Src/button.o
 .ARM.attributes
                0x0000000000000077       0x2d ./Core/Src/fsm.o
 .ARM.attributes
                0x00000000000000a4       0x33 ./Core/Src/global.o
 .ARM.attributes
                0x00000000000000d7       0x2d ./Core/Src/main.o
 .ARM.attributes
                0x0000000000000104       0x2d ./Core/Src/physics.o
 .ARM.attributes
                0x0000000000000131       0x2d ./Core/Src/scheduler.o
 .ARM.attributes
                0x000000000000015e       0x2d ./Core/Src/software_timer.o
 .ARM.attributes
                0x000000000000018b       0x2d ./Core/Src/stm32f1xx_hal_msp.o
 .ARM.attributes
                0x00000000000001b8       0x2d ./Core/Src/stm32f1xx_it.o
 .ARM.attributes
                0x00000000000001e5       0x2d ./Core/Src/sysmem.o
 .ARM.attributes
                0x0000000000000212       0x2d ./Core/Src/system_stm32f1xx.o
 .ARM.attributes
                0x000000000000023f       0x21 ./Core/Startup/startup_stm32f103c6ux.o
 .ARM.attributes
                0x0000000000000260       0x2d ./Drivers/STM32F1xx_HAL_Driver/Src/stm32f1xx_hal.o
 .ARM.attributes
                0x000000000000028d       0x2d ./Drivers/STM32F1xx_HAL_Driver/Src/stm32f1xx_hal_cortex.o
 .ARM.attributes
                0x00000000000002ba       0x2d ./Drivers/STM32F1xx_HAL_Driver/Src/stm32f1xx_hal_dma.o
 .ARM.attributes
                0x00000000000002e7       0x2d ./Drivers/STM32F1xx_HAL_Driver/Src/stm32f1xx_hal_gpio.o
 .ARM.attributes
                0x0000000000000314       0x2d ./Drivers/STM32F1xx_HAL_Driver/Src/stm32f1xx_hal_rcc.o
 .ARM.attributes
                0x0000000000000341       0x2d ./Drivers/STM32F1xx_HAL_Driver/Src/stm32f1xx_hal_tim.o
 .ARM.attributes
                0x000000000000036e       0x2d ./Drivers/STM32F1xx_HAL_Driver/Src/stm32f1xx_hal_tim_ex.o
 .ARM.attributes
                0x000000000000039b       0x2d ./Drivers/STM32F1xx_HAL_Driver/Src/stm32f1xx_hal_uart.o
 .ARM.attributes
                0x00000000000003c8       0x2d c:/program files (x86)/stm32cubeide_1.7.0/stm32cubeide/plugins/com.st.stm32cube.ide.mcu.externaltools.gnu-tools-for-stm32.9-2020-q2-update.win32_2.0.0.202105311346/tools/bin/../lib/gcc/arm-none-eabi/9.3.1/../../../../arm-none-eabi/lib/thumb/v7-m/nofp\libc_nano.a(lib_a-errno.o)
 .ARM.attributes
                0x00000000000003f5       0x2d c:/program files (x86)/stm32cubeide_1.7.0/stm32cubeide/plugins/com.st.stm32cube.ide.mcu.externaltools.gnu-tools-for-stm32.9-2020-q2-update.win32_2.0.0.202105311346/tools/bin/../lib/gcc/arm-none-eabi/9.3.1/../../../../arm-none-eabi/lib/thumb/v7-m/nofp\libc_nano.a(lib_a-impure.o)
 .ARM.attributes
                0x0000000000000422       0x2d c:/program files (x86)/stm32cubeide_1.7.0/stm32cubeide/plugins/com.st.stm32cube.ide.mcu.externaltools.gnu-tools-for-stm32.9-2020-q2-update.win32_2.0.0.202105311346/tools/bin/../lib/gcc/arm-none-eabi/9.3.1/../../../../arm-none-eabi/lib/thumb/v7-m/nofp\libc_nano.a(lib_a-init.o)
 .ARM.attributes
                0x000000000000044f       0x2d c:/program files (x86)/stm32cubeide_1.7.0/stm32cubeide/plugins/com.st.stm32cube.ide.mcu.externaltools.gnu-tools-for-stm32.9-2020-q2-update.win32_2.0.0.202105311346/tools/bin/../lib/gcc/arm-none-eabi/9.3.1/../../../../arm-none-eabi/lib/thumb/v7-m/nofp\libc_nano.a(lib_a-malloc.o)
 .ARM.attributes
                0x000000000000047c       0x2d c:/program files (x86)/stm32cubeide_1.7.0/stm32cubeide/plugins/com.st.stm32cube.ide.mcu.externaltools.gnu-tools-for-stm32.9-2020-q2-update.win32_2.0.0.202105311346/tools/bin/../lib/gcc/arm-none-eabi/9.3.1/../../../../arm-none-eabi/lib/thumb/v7-m/nofp\libc_nano.a(lib_a-memset.o)
 .ARM.attributes
                0x00000000000004a9       0x2d c:/program files (x86)/stm32cubeide_1.7.0/stm32cubeide/plugins/com.st.stm32cube.ide.mcu.externaltools.gnu-tools-for-stm32.9-2020-q2-update.win32_2.0.0.202105311346/tools/bin/../lib/gcc/arm-none-eabi/9.3.1/../../../../arm-none-eabi/lib/thumb/v7-m/nofp\libc_nano.a(lib_a-nano-freer.o)
 .ARM.attributes
                0x00000000000004d6       0x2d c:/program files (x86)/stm32cubeide_1.7.0/stm32cubeide/plugins/com.st.stm32cube.ide.mcu.externaltools.gnu-tools-for-stm32.9-2020-q2-update.win32_2.0.0.202105311346/tools/bin/../lib/gcc/arm-none-eabi/9.3.1/../../../../arm-none-eabi/lib/thumb/v7-m/nofp\libc_nano.a(lib_a-nano-mallocr.o)
 .ARM.attributes
                0x0000000000000503       0x2d c:/program files (x86)/stm32cubeide_1.7.0/stm32cubeide/plugins/com.st.stm32cube.ide.mcu.externaltools.gnu-tools-for-stm32.9-2020-q2-update.win32_2.0.0.202105311346/tools/bin/../lib/gcc/arm-none-eabi/9.3.1/../../../../arm-none-eabi/lib/thumb/v7-m/nofp\libc_nano.a(lib_a-sbrkr.o)
 .ARM.attributes
                0x0000000000000530       0x2d c:/program files (x86)/stm32cubeide_1.7.0/stm32cubeide/plugins/com.st.stm32cube.ide.mcu.externaltools.gnu-tools-for-stm32.9-2020-q2-update.win32_2.0.0.202105311346/tools/bin/../lib/gcc/arm-none-eabi/9.3.1/../../../../arm-none-eabi/lib/thumb/v7-m/nofp\libc_nano.a(lib_a-sprintf.o)
 .ARM.attributes
                0x000000000000055d       0x2d c:/program files (x86)/stm32cubeide_1.7.0/stm32cubeide/plugins/com.st.stm32cube.ide.mcu.externaltools.gnu-tools-for-stm32.9-2020-q2-update.win32_2.0.0.202105311346/tools/bin/../lib/gcc/arm-none-eabi/9.3.1/../../../../arm-none-eabi/lib/thumb/v7-m/nofp\libc_nano.a(lib_a-mlock.o)
 .ARM.attributes
                0x000000000000058a       0x2d c:/program files (x86)/stm32cubeide_1.7.0/stm32cubeide/plugins/com.st.stm32cube.ide.mcu.externaltools.gnu-tools-for-stm32.9-2020-q2-update.win32_2.0.0.202105311346/tools/bin/../lib/gcc/arm-none-eabi/9.3.1/../../../../arm-none-eabi/lib/thumb/v7-m/nofp\libc_nano.a(lib_a-nano-svfprintf.o)
 .ARM.attributes
                0x00000000000005b7       0x2d c:/program files (x86)/stm32cubeide_1.7.0/stm32cubeide/plugins/com.st.stm32cube.ide.mcu.externaltools.gnu-tools-for-stm32.9-2020-q2-update.win32_2.0.0.202105311346/tools/bin/../lib/gcc/arm-none-eabi/9.3.1/../../../../arm-none-eabi/lib/thumb/v7-m/nofp\libc_nano.a(lib_a-nano-vfprintf_i.o)
 .ARM.attributes
                0x00000000000005e4       0x2d c:/program files (x86)/stm32cubeide_1.7.0/stm32cubeide/plugins/com.st.stm32cube.ide.mcu.externaltools.gnu-tools-for-stm32.9-2020-q2-update.win32_2.0.0.202105311346/tools/bin/../lib/gcc/arm-none-eabi/9.3.1/../../../../arm-none-eabi/lib/thumb/v7-m/nofp\libc_nano.a(lib_a-reent.o)
 .ARM.attributes
                0x0000000000000611       0x2d c:/program files (x86)/stm32cubeide_1.7.0/stm32cubeide/plugins/com.st.stm32cube.ide.mcu.externaltools.gnu-tools-for-stm32.9-2020-q2-update.win32_2.0.0.202105311346/tools/bin/../lib/gcc/arm-none-eabi/9.3.1/../../../../arm-none-eabi/lib/thumb/v7-m/nofp\libc_nano.a(lib_a-lock.o)
 .ARM.attributes
                0x000000000000063e       0x2d c:/program files (x86)/stm32cubeide_1.7.0/stm32cubeide/plugins/com.st.stm32cube.ide.mcu.externaltools.gnu-tools-for-stm32.9-2020-q2-update.win32_2.0.0.202105311346/tools/bin/../lib/gcc/arm-none-eabi/9.3.1/../../../../arm-none-eabi/lib/thumb/v7-m/nofp\libc_nano.a(lib_a-memchr-stub.o)
 .ARM.attributes
                0x000000000000066b       0x2d c:/program files (x86)/stm32cubeide_1.7.0/stm32cubeide/plugins/com.st.stm32cube.ide.mcu.externaltools.gnu-tools-for-stm32.9-2020-q2-update.win32_2.0.0.202105311346/tools/bin/../lib/gcc/arm-none-eabi/9.3.1/../../../../arm-none-eabi/lib/thumb/v7-m/nofp\libc_nano.a(lib_a-memcpy-stub.o)
 .ARM.attributes
                0x0000000000000698       0x2d c:/program files (x86)/stm32cubeide_1.7.0/stm32cubeide/plugins/com.st.stm32cube.ide.mcu.externaltools.gnu-tools-for-stm32.9-2020-q2-update.win32_2.0.0.202105311346/tools/bin/../lib/gcc/arm-none-eabi/9.3.1/../../../../arm-none-eabi/lib/thumb/v7-m/nofp\libc_nano.a(lib_a-memmove.o)
 .ARM.attributes
                0x00000000000006c5       0x2d c:/program files (x86)/stm32cubeide_1.7.0/stm32cubeide/plugins/com.st.stm32cube.ide.mcu.externaltools.gnu-tools-for-stm32.9-2020-q2-update.win32_2.0.0.202105311346/tools/bin/../lib/gcc/arm-none-eabi/9.3.1/../../../../arm-none-eabi/lib/thumb/v7-m/nofp\libc_nano.a(lib_a-nano-reallocr.o)
 .ARM.attributes
                0x00000000000006f2       0x2d c:/program files (x86)/stm32cubeide_1.7.0/stm32cubeide/plugins/com.st.stm32cube.ide.mcu.externaltools.gnu-tools-for-stm32.9-2020-q2-update.win32_2.0.0.202105311346/tools/bin/../lib/gcc/arm-none-eabi/9.3.1/../../../../arm-none-eabi/lib/thumb/v7-m/nofp\libc_nano.a(lib_a-nano-msizer.o)
 .ARM.attributes
                0x000000000000071f       0x1d c:/program files (x86)/stm32cubeide_1.7.0/stm32cubeide/plugins/com.st.stm32cube.ide.mcu.externaltools.gnu-tools-for-stm32.9-2020-q2-update.win32_2.0.0.202105311346/tools/bin/../lib/gcc/arm-none-eabi/9.3.1/thumb/v7-m/nofp/crtn.o
OUTPUT(Assignment.elf elf32-littlearm)
LOAD linker stubs
LOAD c:/program files (x86)/stm32cubeide_1.7.0/stm32cubeide/plugins/com.st.stm32cube.ide.mcu.externaltools.gnu-tools-for-stm32.9-2020-q2-update.win32_2.0.0.202105311346/tools/bin/../lib/gcc/arm-none-eabi/9.3.1/../../../../arm-none-eabi/lib/thumb/v7-m/nofp\libc.a
LOAD c:/program files (x86)/stm32cubeide_1.7.0/stm32cubeide/plugins/com.st.stm32cube.ide.mcu.externaltools.gnu-tools-for-stm32.9-2020-q2-update.win32_2.0.0.202105311346/tools/bin/../lib/gcc/arm-none-eabi/9.3.1/../../../../arm-none-eabi/lib/thumb/v7-m/nofp\libm.a
LOAD c:/program files (x86)/stm32cubeide_1.7.0/stm32cubeide/plugins/com.st.stm32cube.ide.mcu.externaltools.gnu-tools-for-stm32.9-2020-q2-update.win32_2.0.0.202105311346/tools/bin/../lib/gcc/arm-none-eabi/9.3.1/thumb/v7-m/nofp\libgcc.a

.debug_info     0x0000000000000000    0x1345e
 .debug_info    0x0000000000000000     0x1457 ./Core/Src/button.o
 .debug_info    0x0000000000001457     0x140e ./Core/Src/fsm.o
 .debug_info    0x0000000000002865     0x12ac ./Core/Src/global.o
 .debug_info    0x0000000000003b11     0x17f8 ./Core/Src/main.o
 .debug_info    0x0000000000005309     0x142e ./Core/Src/physics.o
 .debug_info    0x0000000000006737     0x14d4 ./Core/Src/scheduler.o
 .debug_info    0x0000000000007c0b     0x1327 ./Core/Src/software_timer.o
 .debug_info    0x0000000000008f32      0xe1a ./Core/Src/stm32f1xx_hal_msp.o
 .debug_info    0x0000000000009d4c      0xa22 ./Core/Src/stm32f1xx_it.o
 .debug_info    0x000000000000a76e      0xa25 ./Core/Src/sysmem.o
 .debug_info    0x000000000000b193      0x2be ./Core/Src/system_stm32f1xx.o
 .debug_info    0x000000000000b451       0x22 ./Core/Startup/startup_stm32f103c6ux.o
 .debug_info    0x000000000000b473      0x74c ./Drivers/STM32F1xx_HAL_Driver/Src/stm32f1xx_hal.o
 .debug_info    0x000000000000bbbf      0xbbe ./Drivers/STM32F1xx_HAL_Driver/Src/stm32f1xx_hal_cortex.o
 .debug_info    0x000000000000c77d      0x81e ./Drivers/STM32F1xx_HAL_Driver/Src/stm32f1xx_hal_dma.o
 .debug_info    0x000000000000cf9b      0x701 ./Drivers/STM32F1xx_HAL_Driver/Src/stm32f1xx_hal_gpio.o
 .debug_info    0x000000000000d69c      0x88e ./Drivers/STM32F1xx_HAL_Driver/Src/stm32f1xx_hal_rcc.o
 .debug_info    0x000000000000df2a     0x2a45 ./Drivers/STM32F1xx_HAL_Driver/Src/stm32f1xx_hal_tim.o
 .debug_info    0x000000000001096f     0x14d5 ./Drivers/STM32F1xx_HAL_Driver/Src/stm32f1xx_hal_tim_ex.o
 .debug_info    0x0000000000011e44     0x161a ./Drivers/STM32F1xx_HAL_Driver/Src/stm32f1xx_hal_uart.o

.debug_abbrev   0x0000000000000000     0x29f1
 .debug_abbrev  0x0000000000000000      0x24d ./Core/Src/button.o
 .debug_abbrev  0x000000000000024d      0x245 ./Core/Src/fsm.o
 .debug_abbrev  0x0000000000000492      0x1e2 ./Core/Src/global.o
 .debug_abbrev  0x0000000000000674      0x31e ./Core/Src/main.o
 .debug_abbrev  0x0000000000000992      0x21e ./Core/Src/physics.o
 .debug_abbrev  0x0000000000000bb0      0x2ba ./Core/Src/scheduler.o
 .debug_abbrev  0x0000000000000e6a      0x258 ./Core/Src/software_timer.o
 .debug_abbrev  0x00000000000010c2      0x1c8 ./Core/Src/stm32f1xx_hal_msp.o
 .debug_abbrev  0x000000000000128a      0x176 ./Core/Src/stm32f1xx_it.o
 .debug_abbrev  0x0000000000001400      0x1bf ./Core/Src/sysmem.o
 .debug_abbrev  0x00000000000015bf      0x14e ./Core/Src/system_stm32f1xx.o
 .debug_abbrev  0x000000000000170d       0x12 ./Core/Startup/startup_stm32f103c6ux.o
 .debug_abbrev  0x000000000000171f      0x1ed ./Drivers/STM32F1xx_HAL_Driver/Src/stm32f1xx_hal.o
 .debug_abbrev  0x000000000000190c      0x313 ./Drivers/STM32F1xx_HAL_Driver/Src/stm32f1xx_hal_cortex.o
 .debug_abbrev  0x0000000000001c1f      0x228 ./Drivers/STM32F1xx_HAL_Driver/Src/stm32f1xx_hal_dma.o
 .debug_abbrev  0x0000000000001e47      0x1e8 ./Drivers/STM32F1xx_HAL_Driver/Src/stm32f1xx_hal_gpio.o
 .debug_abbrev  0x000000000000202f      0x273 ./Drivers/STM32F1xx_HAL_Driver/Src/stm32f1xx_hal_rcc.o
 .debug_abbrev  0x00000000000022a2      0x25e ./Drivers/STM32F1xx_HAL_Driver/Src/stm32f1xx_hal_tim.o
 .debug_abbrev  0x0000000000002500      0x266 ./Drivers/STM32F1xx_HAL_Driver/Src/stm32f1xx_hal_tim_ex.o
 .debug_abbrev  0x0000000000002766      0x28b ./Drivers/STM32F1xx_HAL_Driver/Src/stm32f1xx_hal_uart.o

.debug_aranges  0x0000000000000000      0xd88
 .debug_aranges
                0x0000000000000000       0x30 ./Core/Src/button.o
 .debug_aranges
                0x0000000000000030       0x60 ./Core/Src/fsm.o
 .debug_aranges
                0x0000000000000090       0x18 ./Core/Src/global.o
 .debug_aranges
                0x00000000000000a8       0x58 ./Core/Src/main.o
 .debug_aranges
                0x0000000000000100       0x70 ./Core/Src/physics.o
 .debug_aranges
                0x0000000000000170       0x48 ./Core/Src/scheduler.o
 .debug_aranges
                0x00000000000001b8       0x28 ./Core/Src/software_timer.o
 .debug_aranges
                0x00000000000001e0       0x48 ./Core/Src/stm32f1xx_hal_msp.o
 .debug_aranges
                0x0000000000000228       0x70 ./Core/Src/stm32f1xx_it.o
 .debug_aranges
                0x0000000000000298       0x20 ./Core/Src/sysmem.o
 .debug_aranges
                0x00000000000002b8       0x28 ./Core/Src/system_stm32f1xx.o
 .debug_aranges
                0x00000000000002e0       0x28 ./Core/Startup/startup_stm32f103c6ux.o
 .debug_aranges
                0x0000000000000308       0xe0 ./Drivers/STM32F1xx_HAL_Driver/Src/stm32f1xx_hal.o
 .debug_aranges
                0x00000000000003e8      0x100 ./Drivers/STM32F1xx_HAL_Driver/Src/stm32f1xx_hal_cortex.o
 .debug_aranges
                0x00000000000004e8       0x80 ./Drivers/STM32F1xx_HAL_Driver/Src/stm32f1xx_hal_dma.o
 .debug_aranges
                0x0000000000000568       0x58 ./Drivers/STM32F1xx_HAL_Driver/Src/stm32f1xx_hal_gpio.o
 .debug_aranges
                0x00000000000005c0       0x90 ./Drivers/STM32F1xx_HAL_Driver/Src/stm32f1xx_hal_rcc.o
 .debug_aranges
                0x0000000000000650      0x3d0 ./Drivers/STM32F1xx_HAL_Driver/Src/stm32f1xx_hal_tim.o
 .debug_aranges
                0x0000000000000a20      0x168 ./Drivers/STM32F1xx_HAL_Driver/Src/stm32f1xx_hal_tim_ex.o
 .debug_aranges
                0x0000000000000b88      0x200 ./Drivers/STM32F1xx_HAL_Driver/Src/stm32f1xx_hal_uart.o

.debug_ranges   0x0000000000000000      0xc78
 .debug_ranges  0x0000000000000000       0x20 ./Core/Src/button.o
 .debug_ranges  0x0000000000000020       0x50 ./Core/Src/fsm.o
 .debug_ranges  0x0000000000000070       0x48 ./Core/Src/main.o
 .debug_ranges  0x00000000000000b8       0x60 ./Core/Src/physics.o
 .debug_ranges  0x0000000000000118       0x38 ./Core/Src/scheduler.o
 .debug_ranges  0x0000000000000150       0x18 ./Core/Src/software_timer.o
 .debug_ranges  0x0000000000000168       0x38 ./Core/Src/stm32f1xx_hal_msp.o
 .debug_ranges  0x00000000000001a0       0x60 ./Core/Src/stm32f1xx_it.o
 .debug_ranges  0x0000000000000200       0x10 ./Core/Src/sysmem.o
 .debug_ranges  0x0000000000000210       0x18 ./Core/Src/system_stm32f1xx.o
 .debug_ranges  0x0000000000000228       0x20 ./Core/Startup/startup_stm32f103c6ux.o
 .debug_ranges  0x0000000000000248       0xd0 ./Drivers/STM32F1xx_HAL_Driver/Src/stm32f1xx_hal.o
 .debug_ranges  0x0000000000000318       0xf0 ./Drivers/STM32F1xx_HAL_Driver/Src/stm32f1xx_hal_cortex.o
 .debug_ranges  0x0000000000000408       0x70 ./Drivers/STM32F1xx_HAL_Driver/Src/stm32f1xx_hal_dma.o
 .debug_ranges  0x0000000000000478       0x48 ./Drivers/STM32F1xx_HAL_Driver/Src/stm32f1xx_hal_gpio.o
 .debug_ranges  0x00000000000004c0       0x80 ./Drivers/STM32F1xx_HAL_Driver/Src/stm32f1xx_hal_rcc.o
 .debug_ranges  0x0000000000000540      0x3c0 ./Drivers/STM32F1xx_HAL_Driver/Src/stm32f1xx_hal_tim.o
 .debug_ranges  0x0000000000000900      0x158 ./Drivers/STM32F1xx_HAL_Driver/Src/stm32f1xx_hal_tim_ex.o
 .debug_ranges  0x0000000000000a58      0x220 ./Drivers/STM32F1xx_HAL_Driver/Src/stm32f1xx_hal_uart.o

.debug_macro    0x0000000000000000    0x18d2f
 .debug_macro   0x0000000000000000      0x35e ./Core/Src/button.o
 .debug_macro   0x000000000000035e      0xa9c ./Core/Src/button.o
 .debug_macro   0x0000000000000dfa      0x21b ./Core/Src/button.o
 .debug_macro   0x0000000000001015       0x2e ./Core/Src/button.o
 .debug_macro   0x0000000000001043       0x22 ./Core/Src/button.o
 .debug_macro   0x0000000000001065       0x22 ./Core/Src/button.o
 .debug_macro   0x0000000000001087       0x8e ./Core/Src/button.o
 .debug_macro   0x0000000000001115       0x51 ./Core/Src/button.o
 .debug_macro   0x0000000000001166      0x103 ./Core/Src/button.o
 .debug_macro   0x0000000000001269       0x6a ./Core/Src/button.o
 .debug_macro   0x00000000000012d3      0x1df ./Core/Src/button.o
 .debug_macro   0x00000000000014b2       0x1c ./Core/Src/button.o
 .debug_macro   0x00000000000014ce       0x22 ./Core/Src/button.o
 .debug_macro   0x00000000000014f0       0xc3 ./Core/Src/button.o
 .debug_macro   0x00000000000015b3      0xd23 ./Core/Src/button.o
 .debug_macro   0x00000000000022d6     0xde75 ./Core/Src/button.o
 .debug_macro   0x000000000001014b       0x6d ./Core/Src/button.o
 .debug_macro   0x00000000000101b8     0x3468 ./Core/Src/button.o
 .debug_macro   0x0000000000013620      0x174 ./Core/Src/button.o
 .debug_macro   0x0000000000013794       0x5c ./Core/Src/button.o
 .debug_macro   0x00000000000137f0      0x5be ./Core/Src/button.o
 .debug_macro   0x0000000000013dae      0x1b7 ./Core/Src/button.o
 .debug_macro   0x0000000000013f65      0x1cb ./Core/Src/button.o
 .debug_macro   0x0000000000014130      0x114 ./Core/Src/button.o
 .debug_macro   0x0000000000014244      0x1b2 ./Core/Src/button.o
 .debug_macro   0x00000000000143f6       0x27 ./Core/Src/button.o
 .debug_macro   0x000000000001441d      0x12f ./Core/Src/button.o
 .debug_macro   0x000000000001454c      0x1bc ./Core/Src/button.o
 .debug_macro   0x0000000000014708       0x34 ./Core/Src/button.o
 .debug_macro   0x000000000001473c       0x3c ./Core/Src/button.o
 .debug_macro   0x0000000000014778       0x57 ./Core/Src/button.o
 .debug_macro   0x00000000000147cf       0x88 ./Core/Src/button.o
 .debug_macro   0x0000000000014857      0x183 ./Core/Src/button.o
 .debug_macro   0x00000000000149da      0x141 ./Core/Src/button.o
 .debug_macro   0x0000000000014b1b      0x8d1 ./Core/Src/button.o
 .debug_macro   0x00000000000153ec      0x279 ./Core/Src/button.o
 .debug_macro   0x0000000000015665       0x69 ./Core/Src/button.o
 .debug_macro   0x00000000000156ce       0x94 ./Core/Src/button.o
 .debug_macro   0x0000000000015762       0x52 ./Core/Src/button.o
 .debug_macro   0x00000000000157b4       0x18 ./Core/Src/button.o
 .debug_macro   0x00000000000157cc       0x3c ./Core/Src/button.o
 .debug_macro   0x0000000000015808       0x34 ./Core/Src/button.o
 .debug_macro   0x000000000001583c       0x16 ./Core/Src/button.o
 .debug_macro   0x0000000000015852       0x35 ./Core/Src/button.o
 .debug_macro   0x0000000000015887      0x333 ./Core/Src/button.o
 .debug_macro   0x0000000000015bba       0x10 ./Core/Src/button.o
 .debug_macro   0x0000000000015bca       0x16 ./Core/Src/button.o
 .debug_macro   0x0000000000015be0       0x43 ./Core/Src/button.o
 .debug_macro   0x0000000000015c23       0x34 ./Core/Src/button.o
 .debug_macro   0x0000000000015c57       0x10 ./Core/Src/button.o
 .debug_macro   0x0000000000015c67       0x58 ./Core/Src/button.o
 .debug_macro   0x0000000000015cbf       0x71 ./Core/Src/button.o
 .debug_macro   0x0000000000015d30       0x1c ./Core/Src/button.o
 .debug_macro   0x0000000000015d4c      0x12a ./Core/Src/button.o
 .debug_macro   0x0000000000015e76       0x10 ./Core/Src/button.o
 .debug_macro   0x0000000000015e86       0x1c ./Core/Src/button.o
 .debug_macro   0x0000000000015ea2       0x52 ./Core/Src/button.o
 .debug_macro   0x0000000000015ef4       0x22 ./Core/Src/button.o
 .debug_macro   0x0000000000015f16       0x10 ./Core/Src/button.o
 .debug_macro   0x0000000000015f26       0x40 ./Core/Src/button.o
 .debug_macro   0x0000000000015f66       0xd5 ./Core/Src/button.o
 .debug_macro   0x000000000001603b       0x1c ./Core/Src/button.o
 .debug_macro   0x0000000000016057       0x3d ./Core/Src/button.o
 .debug_macro   0x0000000000016094       0x16 ./Core/Src/button.o
 .debug_macro   0x00000000000160aa      0x145 ./Core/Src/button.o
 .debug_macro   0x00000000000161ef       0x70 ./Core/Src/button.o
 .debug_macro   0x000000000001625f       0x1c ./Core/Src/button.o
 .debug_macro   0x000000000001627b      0x35e ./Core/Src/fsm.o
 .debug_macro   0x00000000000165d9      0x35a ./Core/Src/global.o
 .debug_macro   0x0000000000016933      0x35e ./Core/Src/main.o
 .debug_macro   0x0000000000016c91      0x35e ./Core/Src/physics.o
 .debug_macro   0x0000000000016fef      0x392 ./Core/Src/scheduler.o
 .debug_macro   0x0000000000017381       0x16 ./Core/Src/scheduler.o
 .debug_macro   0x0000000000017397       0x16 ./Core/Src/scheduler.o
 .debug_macro   0x00000000000173ad       0x29 ./Core/Src/scheduler.o
 .debug_macro   0x00000000000173d6      0x35e ./Core/Src/software_timer.o
 .debug_macro   0x0000000000017734      0x1b1 ./Core/Src/stm32f1xx_hal_msp.o
 .debug_macro   0x00000000000178e5      0x1bb ./Core/Src/stm32f1xx_it.o
 .debug_macro   0x0000000000017aa0       0xff ./Core/Src/sysmem.o
 .debug_macro   0x0000000000017b9f      0x23b ./Core/Src/sysmem.o
 .debug_macro   0x0000000000017dda      0x1a2 ./Core/Src/system_stm32f1xx.o
 .debug_macro   0x0000000000017f7c      0x1c6 ./Drivers/STM32F1xx_HAL_Driver/Src/stm32f1xx_hal.o
 .debug_macro   0x0000000000018142      0x1a2 ./Drivers/STM32F1xx_HAL_Driver/Src/stm32f1xx_hal_cortex.o
 .debug_macro   0x00000000000182e4      0x1a2 ./Drivers/STM32F1xx_HAL_Driver/Src/stm32f1xx_hal_dma.o
 .debug_macro   0x0000000000018486      0x20d ./Drivers/STM32F1xx_HAL_Driver/Src/stm32f1xx_hal_gpio.o
 .debug_macro   0x0000000000018693      0x1b4 ./Drivers/STM32F1xx_HAL_Driver/Src/stm32f1xx_hal_rcc.o
 .debug_macro   0x0000000000018847      0x1a3 ./Drivers/STM32F1xx_HAL_Driver/Src/stm32f1xx_hal_tim.o
 .debug_macro   0x00000000000189ea      0x1a2 ./Drivers/STM32F1xx_HAL_Driver/Src/stm32f1xx_hal_tim_ex.o
 .debug_macro   0x0000000000018b8c      0x1a3 ./Drivers/STM32F1xx_HAL_Driver/Src/stm32f1xx_hal_uart.o

.debug_line     0x0000000000000000    0x10fc7
 .debug_line    0x0000000000000000      0xac1 ./Core/Src/button.o
 .debug_line    0x0000000000000ac1      0xe68 ./Core/Src/fsm.o
 .debug_line    0x0000000000001929      0x9d7 ./Core/Src/global.o
 .debug_line    0x0000000000002300      0xbbe ./Core/Src/main.o
 .debug_line    0x0000000000002ebe      0xb33 ./Core/Src/physics.o
 .debug_line    0x00000000000039f1      0xce0 ./Core/Src/scheduler.o
 .debug_line    0x00000000000046d1      0xa39 ./Core/Src/software_timer.o
 .debug_line    0x000000000000510a      0x7cd ./Core/Src/stm32f1xx_hal_msp.o
 .debug_line    0x00000000000058d7      0x7e2 ./Core/Src/stm32f1xx_it.o
 .debug_line    0x00000000000060b9      0x644 ./Core/Src/sysmem.o
 .debug_line    0x00000000000066fd      0x76e ./Core/Src/system_stm32f1xx.o
 .debug_line    0x0000000000006e6b       0x86 ./Core/Startup/startup_stm32f103c6ux.o
 .debug_line    0x0000000000006ef1      0x99b ./Drivers/STM32F1xx_HAL_Driver/Src/stm32f1xx_hal.o
 .debug_line    0x000000000000788c      0xb83 ./Drivers/STM32F1xx_HAL_Driver/Src/stm32f1xx_hal_cortex.o
 .debug_line    0x000000000000840f      0xdf3 ./Drivers/STM32F1xx_HAL_Driver/Src/stm32f1xx_hal_dma.o
 .debug_line    0x0000000000009202      0xa1c ./Drivers/STM32F1xx_HAL_Driver/Src/stm32f1xx_hal_gpio.o
 .debug_line    0x0000000000009c1e      0xda9 ./Drivers/STM32F1xx_HAL_Driver/Src/stm32f1xx_hal_rcc.o
 .debug_line    0x000000000000a9c7     0x32f9 ./Drivers/STM32F1xx_HAL_Driver/Src/stm32f1xx_hal_tim.o
 .debug_line    0x000000000000dcc0     0x1891 ./Drivers/STM32F1xx_HAL_Driver/Src/stm32f1xx_hal_tim_ex.o
 .debug_line    0x000000000000f551     0x1a76 ./Drivers/STM32F1xx_HAL_Driver/Src/stm32f1xx_hal_uart.o

.debug_str      0x0000000000000000    0x88e3f
 .debug_str     0x0000000000000000    0x85809 ./Core/Src/button.o
                                      0x85c9a (size before relaxing)
 .debug_str     0x0000000000085809       0xfd ./Core/Src/fsm.o
                                      0x85cd6 (size before relaxing)
 .debug_str     0x0000000000085906       0x15 ./Core/Src/global.o
                                      0x85be0 (size before relaxing)
 .debug_str     0x000000000008591b      0x36c ./Core/Src/main.o
                                      0x85f5f (size before relaxing)
 .debug_str     0x0000000000085c87       0x95 ./Core/Src/physics.o
                                      0x85c8e (size before relaxing)
 .debug_str     0x0000000000085d1c      0x1b9 ./Core/Src/scheduler.o
                                      0x85d96 (size before relaxing)
 .debug_str     0x0000000000085ed5       0x3d ./Core/Src/software_timer.o
                                      0x85c17 (size before relaxing)
 .debug_str     0x0000000000085f12      0x2f8 ./Core/Src/stm32f1xx_hal_msp.o
                                      0x81d2b (size before relaxing)
 .debug_str     0x000000000008620a       0xdf ./Core/Src/stm32f1xx_it.o
                                      0x81a20 (size before relaxing)
 .debug_str     0x00000000000862e9      0x4e9 ./Core/Src/sysmem.o
                                       0x6251 (size before relaxing)
 .debug_str     0x00000000000867d2       0x52 ./Core/Src/system_stm32f1xx.o
                                      0x810be (size before relaxing)
 .debug_str     0x0000000000086824       0x36 ./Core/Startup/startup_stm32f103c6ux.o
                                         0x65 (size before relaxing)
 .debug_str     0x000000000008685a      0x304 ./Drivers/STM32F1xx_HAL_Driver/Src/stm32f1xx_hal.o
                                      0x81715 (size before relaxing)
 .debug_str     0x0000000000086b5e      0x300 ./Drivers/STM32F1xx_HAL_Driver/Src/stm32f1xx_hal_cortex.o
                                      0x8171d (size before relaxing)
 .debug_str     0x0000000000086e5e      0x230 ./Drivers/STM32F1xx_HAL_Driver/Src/stm32f1xx_hal_dma.o
                                      0x81499 (size before relaxing)
 .debug_str     0x000000000008708e      0x31f ./Drivers/STM32F1xx_HAL_Driver/Src/stm32f1xx_hal_gpio.o
                                      0x81482 (size before relaxing)
 .debug_str     0x00000000000873ad      0x24f ./Drivers/STM32F1xx_HAL_Driver/Src/stm32f1xx_hal_rcc.o
                                      0x814bb (size before relaxing)
 .debug_str     0x00000000000875fc      0xd68 ./Drivers/STM32F1xx_HAL_Driver/Src/stm32f1xx_hal_tim.o
                                      0x8248d (size before relaxing)
 .debug_str     0x0000000000088364      0x4ee ./Drivers/STM32F1xx_HAL_Driver/Src/stm32f1xx_hal_tim_ex.o
                                      0x81c3e (size before relaxing)
 .debug_str     0x0000000000088852      0x5ed ./Drivers/STM32F1xx_HAL_Driver/Src/stm32f1xx_hal_uart.o
                                      0x81aad (size before relaxing)

.comment        0x0000000000000000       0x53
 .comment       0x0000000000000000       0x53 ./Core/Src/button.o
                                         0x54 (size before relaxing)
 .comment       0x0000000000000053       0x54 ./Core/Src/fsm.o
 .comment       0x0000000000000053       0x54 ./Core/Src/global.o
 .comment       0x0000000000000053       0x54 ./Core/Src/main.o
 .comment       0x0000000000000053       0x54 ./Core/Src/physics.o
 .comment       0x0000000000000053       0x54 ./Core/Src/scheduler.o
 .comment       0x0000000000000053       0x54 ./Core/Src/software_timer.o
 .comment       0x0000000000000053       0x54 ./Core/Src/stm32f1xx_hal_msp.o
 .comment       0x0000000000000053       0x54 ./Core/Src/stm32f1xx_it.o
 .comment       0x0000000000000053       0x54 ./Core/Src/sysmem.o
 .comment       0x0000000000000053       0x54 ./Core/Src/system_stm32f1xx.o
 .comment       0x0000000000000053       0x54 ./Drivers/STM32F1xx_HAL_Driver/Src/stm32f1xx_hal.o
 .comment       0x0000000000000053       0x54 ./Drivers/STM32F1xx_HAL_Driver/Src/stm32f1xx_hal_cortex.o
 .comment       0x0000000000000053       0x54 ./Drivers/STM32F1xx_HAL_Driver/Src/stm32f1xx_hal_dma.o
 .comment       0x0000000000000053       0x54 ./Drivers/STM32F1xx_HAL_Driver/Src/stm32f1xx_hal_gpio.o
 .comment       0x0000000000000053       0x54 ./Drivers/STM32F1xx_HAL_Driver/Src/stm32f1xx_hal_rcc.o
 .comment       0x0000000000000053       0x54 ./Drivers/STM32F1xx_HAL_Driver/Src/stm32f1xx_hal_tim.o
 .comment       0x0000000000000053       0x54 ./Drivers/STM32F1xx_HAL_Driver/Src/stm32f1xx_hal_tim_ex.o
 .comment       0x0000000000000053       0x54 ./Drivers/STM32F1xx_HAL_Driver/Src/stm32f1xx_hal_uart.o

.debug_frame    0x0000000000000000     0x3a7c
 .debug_frame   0x0000000000000000       0x88 ./Core/Src/button.o
 .debug_frame   0x0000000000000088      0x10c ./Core/Src/fsm.o
 .debug_frame   0x0000000000000194      0x114 ./Core/Src/main.o
 .debug_frame   0x00000000000002a8      0x16c ./Core/Src/physics.o
 .debug_frame   0x0000000000000414       0xe8 ./Core/Src/scheduler.o
 .debug_frame   0x00000000000004fc       0x60 ./Core/Src/software_timer.o
 .debug_frame   0x000000000000055c       0xec ./Core/Src/stm32f1xx_hal_msp.o
 .debug_frame   0x0000000000000648      0x13c ./Core/Src/stm32f1xx_it.o
 .debug_frame   0x0000000000000784       0x34 ./Core/Src/sysmem.o
 .debug_frame   0x00000000000007b8       0x58 ./Core/Src/system_stm32f1xx.o
 .debug_frame   0x0000000000000810      0x334 ./Drivers/STM32F1xx_HAL_Driver/Src/stm32f1xx_hal.o
 .debug_frame   0x0000000000000b44      0x428 ./Drivers/STM32F1xx_HAL_Driver/Src/stm32f1xx_hal_cortex.o
 .debug_frame   0x0000000000000f6c      0x208 ./Drivers/STM32F1xx_HAL_Driver/Src/stm32f1xx_hal_dma.o
 .debug_frame   0x0000000000001174      0x14c ./Drivers/STM32F1xx_HAL_Driver/Src/stm32f1xx_hal_gpio.o
 .debug_frame   0x00000000000012c0      0x21c ./Drivers/STM32F1xx_HAL_Driver/Src/stm32f1xx_hal_rcc.o
 .debug_frame   0x00000000000014dc     0x11b8 ./Drivers/STM32F1xx_HAL_Driver/Src/stm32f1xx_hal_tim.o
 .debug_frame   0x0000000000002694      0x638 ./Drivers/STM32F1xx_HAL_Driver/Src/stm32f1xx_hal_tim_ex.o
 .debug_frame   0x0000000000002ccc      0x914 ./Drivers/STM32F1xx_HAL_Driver/Src/stm32f1xx_hal_uart.o
 .debug_frame   0x00000000000035e0       0x20 c:/program files (x86)/stm32cubeide_1.7.0/stm32cubeide/plugins/com.st.stm32cube.ide.mcu.externaltools.gnu-tools-for-stm32.9-2020-q2-update.win32_2.0.0.202105311346/tools/bin/../lib/gcc/arm-none-eabi/9.3.1/../../../../arm-none-eabi/lib/thumb/v7-m/nofp\libc_nano.a(lib_a-errno.o)
 .debug_frame   0x0000000000003600       0x2c c:/program files (x86)/stm32cubeide_1.7.0/stm32cubeide/plugins/com.st.stm32cube.ide.mcu.externaltools.gnu-tools-for-stm32.9-2020-q2-update.win32_2.0.0.202105311346/tools/bin/../lib/gcc/arm-none-eabi/9.3.1/../../../../arm-none-eabi/lib/thumb/v7-m/nofp\libc_nano.a(lib_a-init.o)
 .debug_frame   0x000000000000362c       0x30 c:/program files (x86)/stm32cubeide_1.7.0/stm32cubeide/plugins/com.st.stm32cube.ide.mcu.externaltools.gnu-tools-for-stm32.9-2020-q2-update.win32_2.0.0.202105311346/tools/bin/../lib/gcc/arm-none-eabi/9.3.1/../../../../arm-none-eabi/lib/thumb/v7-m/nofp\libc_nano.a(lib_a-malloc.o)
 .debug_frame   0x000000000000365c       0x20 c:/program files (x86)/stm32cubeide_1.7.0/stm32cubeide/plugins/com.st.stm32cube.ide.mcu.externaltools.gnu-tools-for-stm32.9-2020-q2-update.win32_2.0.0.202105311346/tools/bin/../lib/gcc/arm-none-eabi/9.3.1/../../../../arm-none-eabi/lib/thumb/v7-m/nofp\libc_nano.a(lib_a-memset.o)
 .debug_frame   0x000000000000367c       0x38 c:/program files (x86)/stm32cubeide_1.7.0/stm32cubeide/plugins/com.st.stm32cube.ide.mcu.externaltools.gnu-tools-for-stm32.9-2020-q2-update.win32_2.0.0.202105311346/tools/bin/../lib/gcc/arm-none-eabi/9.3.1/../../../../arm-none-eabi/lib/thumb/v7-m/nofp\libc_nano.a(lib_a-nano-freer.o)
 .debug_frame   0x00000000000036b4       0x30 c:/program files (x86)/stm32cubeide_1.7.0/stm32cubeide/plugins/com.st.stm32cube.ide.mcu.externaltools.gnu-tools-for-stm32.9-2020-q2-update.win32_2.0.0.202105311346/tools/bin/../lib/gcc/arm-none-eabi/9.3.1/../../../../arm-none-eabi/lib/thumb/v7-m/nofp\libc_nano.a(lib_a-nano-mallocr.o)
 .debug_frame   0x00000000000036e4       0x2c c:/program files (x86)/stm32cubeide_1.7.0/stm32cubeide/plugins/com.st.stm32cube.ide.mcu.externaltools.gnu-tools-for-stm32.9-2020-q2-update.win32_2.0.0.202105311346/tools/bin/../lib/gcc/arm-none-eabi/9.3.1/../../../../arm-none-eabi/lib/thumb/v7-m/nofp\libc_nano.a(lib_a-sbrkr.o)
 .debug_frame   0x0000000000003710       0x6c c:/program files (x86)/stm32cubeide_1.7.0/stm32cubeide/plugins/com.st.stm32cube.ide.mcu.externaltools.gnu-tools-for-stm32.9-2020-q2-update.win32_2.0.0.202105311346/tools/bin/../lib/gcc/arm-none-eabi/9.3.1/../../../../arm-none-eabi/lib/thumb/v7-m/nofp\libc_nano.a(lib_a-sprintf.o)
 .debug_frame   0x000000000000377c       0x30 c:/program files (x86)/stm32cubeide_1.7.0/stm32cubeide/plugins/com.st.stm32cube.ide.mcu.externaltools.gnu-tools-for-stm32.9-2020-q2-update.win32_2.0.0.202105311346/tools/bin/../lib/gcc/arm-none-eabi/9.3.1/../../../../arm-none-eabi/lib/thumb/v7-m/nofp\libc_nano.a(lib_a-mlock.o)
 .debug_frame   0x00000000000037ac       0x90 c:/program files (x86)/stm32cubeide_1.7.0/stm32cubeide/plugins/com.st.stm32cube.ide.mcu.externaltools.gnu-tools-for-stm32.9-2020-q2-update.win32_2.0.0.202105311346/tools/bin/../lib/gcc/arm-none-eabi/9.3.1/../../../../arm-none-eabi/lib/thumb/v7-m/nofp\libc_nano.a(lib_a-nano-svfprintf.o)
 .debug_frame   0x000000000000383c       0x60 c:/program files (x86)/stm32cubeide_1.7.0/stm32cubeide/plugins/com.st.stm32cube.ide.mcu.externaltools.gnu-tools-for-stm32.9-2020-q2-update.win32_2.0.0.202105311346/tools/bin/../lib/gcc/arm-none-eabi/9.3.1/../../../../arm-none-eabi/lib/thumb/v7-m/nofp\libc_nano.a(lib_a-nano-vfprintf_i.o)
 .debug_frame   0x000000000000389c       0x5c c:/program files (x86)/stm32cubeide_1.7.0/stm32cubeide/plugins/com.st.stm32cube.ide.mcu.externaltools.gnu-tools-for-stm32.9-2020-q2-update.win32_2.0.0.202105311346/tools/bin/../lib/gcc/arm-none-eabi/9.3.1/../../../../arm-none-eabi/lib/thumb/v7-m/nofp\libc_nano.a(lib_a-reent.o)
 .debug_frame   0x00000000000038f8       0xb0 c:/program files (x86)/stm32cubeide_1.7.0/stm32cubeide/plugins/com.st.stm32cube.ide.mcu.externaltools.gnu-tools-for-stm32.9-2020-q2-update.win32_2.0.0.202105311346/tools/bin/../lib/gcc/arm-none-eabi/9.3.1/../../../../arm-none-eabi/lib/thumb/v7-m/nofp\libc_nano.a(lib_a-lock.o)
 .debug_frame   0x00000000000039a8       0x28 c:/program files (x86)/stm32cubeide_1.7.0/stm32cubeide/plugins/com.st.stm32cube.ide.mcu.externaltools.gnu-tools-for-stm32.9-2020-q2-update.win32_2.0.0.202105311346/tools/bin/../lib/gcc/arm-none-eabi/9.3.1/../../../../arm-none-eabi/lib/thumb/v7-m/nofp\libc_nano.a(lib_a-memchr-stub.o)
 .debug_frame   0x00000000000039d0       0x28 c:/program files (x86)/stm32cubeide_1.7.0/stm32cubeide/plugins/com.st.stm32cube.ide.mcu.externaltools.gnu-tools-for-stm32.9-2020-q2-update.win32_2.0.0.202105311346/tools/bin/../lib/gcc/arm-none-eabi/9.3.1/../../../../arm-none-eabi/lib/thumb/v7-m/nofp\libc_nano.a(lib_a-memcpy-stub.o)
 .debug_frame   0x00000000000039f8       0x28 c:/program files (x86)/stm32cubeide_1.7.0/stm32cubeide/plugins/com.st.stm32cube.ide.mcu.externaltools.gnu-tools-for-stm32.9-2020-q2-update.win32_2.0.0.202105311346/tools/bin/../lib/gcc/arm-none-eabi/9.3.1/../../../../arm-none-eabi/lib/thumb/v7-m/nofp\libc_nano.a(lib_a-memmove.o)
 .debug_frame   0x0000000000003a20       0x3c c:/program files (x86)/stm32cubeide_1.7.0/stm32cubeide/plugins/com.st.stm32cube.ide.mcu.externaltools.gnu-tools-for-stm32.9-2020-q2-update.win32_2.0.0.202105311346/tools/bin/../lib/gcc/arm-none-eabi/9.3.1/../../../../arm-none-eabi/lib/thumb/v7-m/nofp\libc_nano.a(lib_a-nano-reallocr.o)
 .debug_frame   0x0000000000003a5c       0x20 c:/program files (x86)/stm32cubeide_1.7.0/stm32cubeide/plugins/com.st.stm32cube.ide.mcu.externaltools.gnu-tools-for-stm32.9-2020-q2-update.win32_2.0.0.202105311346/tools/bin/../lib/gcc/arm-none-eabi/9.3.1/../../../../arm-none-eabi/lib/thumb/v7-m/nofp\libc_nano.a(lib_a-nano-msizer.o)
