Archive member included to satisfy reference by file (symbol)

c:/program files (x86)/stm32cubeide_1.7.0/stm32cubeide/plugins/com.st.stm32cube.ide.mcu.externaltools.gnu-tools-for-stm32.9-2020-q2-update.win32_2.0.0.202105311346/tools/bin/../lib/gcc/arm-none-eabi/9.3.1/../../../../arm-none-eabi/lib/thumb/v7-m/nofp\libc_nano.a(lib_a-errno.o)
                              ./Core/Src/syscalls.o (__errno)
c:/program files (x86)/stm32cubeide_1.7.0/stm32cubeide/plugins/com.st.stm32cube.ide.mcu.externaltools.gnu-tools-for-stm32.9-2020-q2-update.win32_2.0.0.202105311346/tools/bin/../lib/gcc/arm-none-eabi/9.3.1/../../../../arm-none-eabi/lib/thumb/v7-m/nofp\libc_nano.a(lib_a-exit.o)
                              c:/program files (x86)/stm32cubeide_1.7.0/stm32cubeide/plugins/com.st.stm32cube.ide.mcu.externaltools.gnu-tools-for-stm32.9-2020-q2-update.win32_2.0.0.202105311346/tools/bin/../lib/gcc/arm-none-eabi/9.3.1/../../../../arm-none-eabi/lib/thumb/v7-m/nofp/crt0.o (exit)
c:/program files (x86)/stm32cubeide_1.7.0/stm32cubeide/plugins/com.st.stm32cube.ide.mcu.externaltools.gnu-tools-for-stm32.9-2020-q2-update.win32_2.0.0.202105311346/tools/bin/../lib/gcc/arm-none-eabi/9.3.1/../../../../arm-none-eabi/lib/thumb/v7-m/nofp\libc_nano.a(lib_a-impure.o)
                              c:/program files (x86)/stm32cubeide_1.7.0/stm32cubeide/plugins/com.st.stm32cube.ide.mcu.externaltools.gnu-tools-for-stm32.9-2020-q2-update.win32_2.0.0.202105311346/tools/bin/../lib/gcc/arm-none-eabi/9.3.1/../../../../arm-none-eabi/lib/thumb/v7-m/nofp\libc_nano.a(lib_a-exit.o) (_global_impure_ptr)
c:/program files (x86)/stm32cubeide_1.7.0/stm32cubeide/plugins/com.st.stm32cube.ide.mcu.externaltools.gnu-tools-for-stm32.9-2020-q2-update.win32_2.0.0.202105311346/tools/bin/../lib/gcc/arm-none-eabi/9.3.1/../../../../arm-none-eabi/lib/thumb/v7-m/nofp\libc_nano.a(lib_a-init.o)
                              c:/program files (x86)/stm32cubeide_1.7.0/stm32cubeide/plugins/com.st.stm32cube.ide.mcu.externaltools.gnu-tools-for-stm32.9-2020-q2-update.win32_2.0.0.202105311346/tools/bin/../lib/gcc/arm-none-eabi/9.3.1/../../../../arm-none-eabi/lib/thumb/v7-m/nofp/crt0.o (__libc_init_array)
c:/program files (x86)/stm32cubeide_1.7.0/stm32cubeide/plugins/com.st.stm32cube.ide.mcu.externaltools.gnu-tools-for-stm32.9-2020-q2-update.win32_2.0.0.202105311346/tools/bin/../lib/gcc/arm-none-eabi/9.3.1/../../../../arm-none-eabi/lib/thumb/v7-m/nofp\libc_nano.a(lib_a-memset.o)
                              c:/program files (x86)/stm32cubeide_1.7.0/stm32cubeide/plugins/com.st.stm32cube.ide.mcu.externaltools.gnu-tools-for-stm32.9-2020-q2-update.win32_2.0.0.202105311346/tools/bin/../lib/gcc/arm-none-eabi/9.3.1/../../../../arm-none-eabi/lib/thumb/v7-m/nofp/crt0.o (memset)

Allocating common symbols
Common symbol       size              file

timeGreen           0x4               ./Core/Src/global.o
uwTick              0x4               ./Drivers/STM32F1xx_HAL_Driver/Src/stm32f1xx_hal.o
pFlash              0x20              ./Drivers/STM32F1xx_HAL_Driver/Src/stm32f1xx_hal_flash.o
timeAmber           0x4               ./Core/Src/global.o
counter             0x4               ./Core/Src/FSM_traffic_light.o
timeRed             0x4               ./Core/Src/global.o
htim2               0x48              ./Core/Src/main.o

Discarded input sections

 .text          0x0000000000000000        0x0 c:/program files (x86)/stm32cubeide_1.7.0/stm32cubeide/plugins/com.st.stm32cube.ide.mcu.externaltools.gnu-tools-for-stm32.9-2020-q2-update.win32_2.0.0.202105311346/tools/bin/../lib/gcc/arm-none-eabi/9.3.1/thumb/v7-m/nofp/crti.o
 .data          0x0000000000000000        0x0 c:/program files (x86)/stm32cubeide_1.7.0/stm32cubeide/plugins/com.st.stm32cube.ide.mcu.externaltools.gnu-tools-for-stm32.9-2020-q2-update.win32_2.0.0.202105311346/tools/bin/../lib/gcc/arm-none-eabi/9.3.1/thumb/v7-m/nofp/crti.o
 .bss           0x0000000000000000        0x0 c:/program files (x86)/stm32cubeide_1.7.0/stm32cubeide/plugins/com.st.stm32cube.ide.mcu.externaltools.gnu-tools-for-stm32.9-2020-q2-update.win32_2.0.0.202105311346/tools/bin/../lib/gcc/arm-none-eabi/9.3.1/thumb/v7-m/nofp/crti.o
 .data          0x0000000000000000        0x4 c:/program files (x86)/stm32cubeide_1.7.0/stm32cubeide/plugins/com.st.stm32cube.ide.mcu.externaltools.gnu-tools-for-stm32.9-2020-q2-update.win32_2.0.0.202105311346/tools/bin/../lib/gcc/arm-none-eabi/9.3.1/thumb/v7-m/nofp/crtbegin.o
 .text          0x0000000000000000       0x7c c:/program files (x86)/stm32cubeide_1.7.0/stm32cubeide/plugins/com.st.stm32cube.ide.mcu.externaltools.gnu-tools-for-stm32.9-2020-q2-update.win32_2.0.0.202105311346/tools/bin/../lib/gcc/arm-none-eabi/9.3.1/../../../../arm-none-eabi/lib/thumb/v7-m/nofp/crt0.o
[...]
Memory Configuration

Name             Origin             Length             Attributes
RAM              0x0000000020000000 0x0000000000002800 xrw
FLASH            0x0000000008000000 0x0000000000008000 xr
*default*        0x0000000000000000 0xffffffffffffffff

Linker script and memory map

LOAD c:/program files (x86)/stm32cubeide_1.7.0/stm32cubeide/plugins/com.st.stm32cube.ide.mcu.externaltools.gnu-tools-for-stm32.9-2020-q2-update.win32_2.0.0.202105311346/tools/bin/../lib/gcc/arm-none-eabi/9.3.1/thumb/v7-m/nofp/crti.o
LOAD c:/program files (x86)/stm32cubeide_1.7.0/stm32cubeide/plugins/com.st.stm32cube.ide.mcu.externaltools.gnu-tools-for-stm32.9-2020-q2-update.win32_2.0.0.202105311346/tools/bin/../lib/gcc/arm-none-eabi/9.3.1/thumb/v7-m/nofp/crtbegin.o
LOAD c:/program files (x86)/stm32cubeide_1.7.0/stm32cubeide/plugins/com.st.stm32cube.ide.mcu.externaltools.gnu-tools-for-stm32.9-2020-q2-update.win32_2.0.0.202105311346/tools/bin/../lib/gcc/arm-none-eabi/9.3.1/../../../../arm-none-eabi/lib/thumb/v7-m/nofp/crt0.o
LOAD ./Core/Src/FSM_traffic_light.o
LOAD ./Core/Src/button.o
LOAD ./Core/Src/global.o
LOAD ./Core/Src/main.o
LOAD ./Core/Src/segment_led.o
LOAD ./Core/Src/software_timer.o
LOAD ./Core/Src/stm32f1xx_hal_msp.o
LOAD ./Core/Src/stm32f1xx_it.o
LOAD ./Core/Src/syscalls.o
LOAD ./Core/Src/sysmem.o
LOAD ./Core/Src/system_stm32f1xx.o
LOAD ./Core/Startup/startup_stm32f103c6ux.o
LOAD ./Drivers/STM32F1xx_HAL_Driver/Src/stm32f1xx_hal.o
LOAD ./Drivers/STM32F1xx_HAL_Driver/Src/stm32f1xx_hal_cortex.o
LOAD ./Drivers/STM32F1xx_HAL_Driver/Src/stm32f1xx_hal_dma.o
LOAD ./Drivers/STM32F1xx_HAL_Driver/Src/stm32f1xx_hal_exti.o
LOAD ./Drivers/STM32F1xx_HAL_Driver/Src/stm32f1xx_hal_flash.o
LOAD ./Drivers/STM32F1xx_HAL_Driver/Src/stm32f1xx_hal_flash_ex.o
LOAD ./Drivers/STM32F1xx_HAL_Driver/Src/stm32f1xx_hal_gpio.o
LOAD ./Drivers/STM32F1xx_HAL_Driver/Src/stm32f1xx_hal_gpio_ex.o
LOAD ./Drivers/STM32F1xx_HAL_Driver/Src/stm32f1xx_hal_pwr.o
LOAD ./Drivers/STM32F1xx_HAL_Driver/Src/stm32f1xx_hal_rcc.o
LOAD ./Drivers/STM32F1xx_HAL_Driver/Src/stm32f1xx_hal_rcc_ex.o
LOAD ./Drivers/STM32F1xx_HAL_Driver/Src/stm32f1xx_hal_tim.o
LOAD ./Drivers/STM32F1xx_HAL_Driver/Src/stm32f1xx_hal_tim_ex.o
START GROUP
LOAD c:/program files (x86)/stm32cubeide_1.7.0/stm32cubeide/plugins/com.st.stm32cube.ide.mcu.externaltools.gnu-tools-for-stm32.9-2020-q2-update.win32_2.0.0.202105311346/tools/bin/../lib/gcc/arm-none-eabi/9.3.1/../../../../arm-none-eabi/lib/thumb/v7-m/nofp\libc_nano.a
LOAD c:/program files (x86)/stm32cubeide_1.7.0/stm32cubeide/plugins/com.st.stm32cube.ide.mcu.externaltools.gnu-tools-for-stm32.9-2020-q2-update.win32_2.0.0.202105311346/tools/bin/../lib/gcc/arm-none-eabi/9.3.1/../../../../arm-none-eabi/lib/thumb/v7-m/nofp\libm.a
END GROUP
START GROUP
LOAD c:/program files (x86)/stm32cubeide_1.7.0/stm32cubeide/plugins/com.st.stm32cube.ide.mcu.externaltools.gnu-tools-for-stm32.9-2020-q2-update.win32_2.0.0.202105311346/tools/bin/../lib/gcc/arm-none-eabi/9.3.1/thumb/v7-m/nofp\libgcc.a
LOAD c:/program files (x86)/stm32cubeide_1.7.0/stm32cubeide/plugins/com.st.stm32cube.ide.mcu.externaltools.gnu-tools-for-stm32.9-2020-q2-update.win32_2.0.0.202105311346/tools/bin/../lib/gcc/arm-none-eabi/9.3.1/../../../../arm-none-eabi/lib/thumb/v7-m/nofp\libc_nano.a
END GROUP
START GROUP
LOAD c:/program files (x86)/stm32cubeide_1.7.0/stm32cubeide/plugins/com.st.stm32cube.ide.mcu.externaltools.gnu-tools-for-stm32.9-2020-q2-update.win32_2.0.0.202105311346/tools/bin/../lib/gcc/arm-none-eabi/9.3.1/thumb/v7-m/nofp\libgcc.a
LOAD c:/program files (x86)/stm32cubeide_1.7.0/stm32cubeide/plugins/com.st.stm32cube.ide.mcu.externaltools.gnu-tools-for-stm32.9-2020-q2-update.win32_2.0.0.202105311346/tools/bin/../lib/gcc/arm-none-eabi/9.3.1/../../../../arm-none-eabi/lib/thumb/v7-m/nofp\libc_nano.a
LOAD c:/program files (x86)/stm32cubeide_1.7.0/stm32cubeide/plugins/com.st.stm32cube.ide.mcu.externaltools.gnu-tools-for-stm32.9-2020-q2-update.win32_2.0.0.202105311346/tools/bin/../lib/gcc/arm-none-eabi/9.3.1/../../../../arm-none-eabi/lib/thumb/v7-m/nofp\libnosys.a
END GROUP
START GROUP
LOAD c:/program files (x86)/stm32cubeide_1.7.0/stm32cubeide/plugins/com.st.stm32cube.ide.mcu.externaltools.gnu-tools-for-stm32.9-2020-q2-update.win32_2.0.0.202105311346/tools/bin/../lib/gcc/arm-none-eabi/9.3.1/thumb/v7-m/nofp\libgcc.a
LOAD c:/program files (x86)/stm32cubeide_1.7.0/stm32cubeide/plugins/com.st.stm32cube.ide.mcu.externaltools.gnu-tools-for-stm32.9-2020-q2-update.win32_2.0.0.202105311346/tools/bin/../lib/gcc/arm-none-eabi/9.3.1/../../../../arm-none-eabi/lib/thumb/v7-m/nofp\libc_nano.a
LOAD c:/program files (x86)/stm32cubeide_1.7.0/stm32cubeide/plugins/com.st.stm32cube.ide.mcu.externaltools.gnu-tools-for-stm32.9-2020-q2-update.win32_2.0.0.202105311346/tools/bin/../lib/gcc/arm-none-eabi/9.3.1/../../../../arm-none-eabi/lib/thumb/v7-m/nofp\libnosys.a
END GROUP
LOAD c:/program files (x86)/stm32cubeide_1.7.0/stm32cubeide/plugins/com.st.stm32cube.ide.mcu.externaltools.gnu-tools-for-stm32.9-2020-q2-update.win32_2.0.0.202105311346/tools/bin/../lib/gcc/arm-none-eabi/9.3.1/thumb/v7-m/nofp/crtend.o
LOAD c:/program files (x86)/stm32cubeide_1.7.0/stm32cubeide/plugins/com.st.stm32cube.ide.mcu.externaltools.gnu-tools-for-stm32.9-2020-q2-update.win32_2.0.0.202105311346/tools/bin/../lib/gcc/arm-none-eabi/9.3.1/thumb/v7-m/nofp/crtn.o
                0x0000000020002800                _estack = (ORIGIN (RAM) + LENGTH (RAM))
                0x0000000000000200                _Min_Heap_Size = 0x200
                0x0000000000000400                _Min_Stack_Size = 0x400

.isr_vector     0x0000000008000000      0x10c
                0x0000000008000000                . = ALIGN (0x4)
 *(.isr_vector)
 .isr_vector    0x0000000008000000      0x10c ./Core/Startup/startup_stm32f103c6ux.o
                0x0000000008000000                g_pfnVectors
                0x000000000800010c                . = ALIGN (0x4)

.text           0x000000000800010c     0x2640
                0x000000000800010c                . = ALIGN (0x4)
 *(.text)
 .text          0x000000000800010c       0x40 c:/program files (x86)/stm32cubeide_1.7.0/stm32cubeide/plugins/com.st.stm32cube.ide.mcu.externaltools.gnu-tools-for-stm32.9-2020-q2-update.win32_2.0.0.202105311346/tools/bin/../lib/gcc/arm-none-eabi/9.3.1/thumb/v7-m/nofp/crtbegin.o
 *(.text*)
 .text.allLEDoff
                0x000000000800014c       0x18 ./Core/Src/FSM_traffic_light.o
                0x000000000800014c                allLEDoff
 .text.trafficLightRun
                0x0000000008000164      0x348 ./Core/Src/FSM_traffic_light.o
                0x0000000008000164                trafficLightRun
 .text.led_blinky
                0x00000000080004ac       0xc8 ./Core/Src/FSM_traffic_light.o
                0x00000000080004ac                led_blinky
 .text.getKey1  0x0000000008000574       0x98 ./Core/Src/button.o
                0x0000000008000574                getKey1
 .text.getKey2  0x000000000800060c       0x98 ./Core/Src/button.o
                0x000000000800060c                getKey2
 .text.getKey3  0x00000000080006a4       0x98 ./Core/Src/button.o
                0x00000000080006a4                getKey3
 .text.getButtonValue
                0x000000000800073c       0x14 ./Core/Src/button.o
                0x000000000800073c                getButtonValue
 .text.isButton1Pressed
                0x0000000008000750       0x24 ./Core/Src/button.o
                0x0000000008000750                isButton1Pressed
 .text.isButton2Pressed
                0x0000000008000774       0x24 ./Core/Src/button.o
                0x0000000008000774                isButton2Pressed
 .text.isButton3Pressed
                0x0000000008000798       0x24 ./Core/Src/button.o
                0x0000000008000798                isButton3Pressed
 .text.main     0x00000000080007bc      0x28c ./Core/Src/main.o
                0x00000000080007bc                main
 .text.SystemClock_Config
                0x0000000008000a48       0x76 ./Core/Src/main.o
                0x0000000008000a48                SystemClock_Config
 *fill*         0x0000000008000abe        0x2 
 .text.MX_TIM2_Init
                0x0000000008000ac0       0x98 ./Core/Src/main.o
 .text.MX_GPIO_Init
                0x0000000008000b58       0xe0 ./Core/Src/main.o
 .text.HAL_TIM_PeriodElapsedCallback
                0x0000000008000c38       0x18 ./Core/Src/main.o
                0x0000000008000c38                HAL_TIM_PeriodElapsedCallback
 .text.Error_Handler
                0x0000000008000c50        0xa ./Core/Src/main.o
                0x0000000008000c50                Error_Handler
 *fill*         0x0000000008000c5a        0x2 
 .text.displayNum
                0x0000000008000c5c      0x128 ./Core/Src/segment_led.o
                0x0000000008000c5c                displayNum
 .text.displaySegment
                0x0000000008000d84      0x13c ./Core/Src/segment_led.o
                0x0000000008000d84                displaySegment
 .text.setTimer1
                0x0000000008000ec0       0x28 ./Core/Src/software_timer.o
                0x0000000008000ec0                setTimer1
 .text.setTimer2
                0x0000000008000ee8       0x28 ./Core/Src/software_timer.o
                0x0000000008000ee8                setTimer2
 .text.timer1Run
                0x0000000008000f10       0x34 ./Core/Src/software_timer.o
                0x0000000008000f10                timer1Run
 .text.timer2Run
                0x0000000008000f44       0x34 ./Core/Src/software_timer.o
                0x0000000008000f44                timer2Run
 .text.timerRun
                0x0000000008000f78       0x10 ./Core/Src/software_timer.o
                0x0000000008000f78                timerRun
 .text.HAL_MspInit
                0x0000000008000f88       0x64 ./Core/Src/stm32f1xx_hal_msp.o
                0x0000000008000f88                HAL_MspInit
 .text.HAL_TIM_Base_MspInit
                0x0000000008000fec       0x48 ./Core/Src/stm32f1xx_hal_msp.o
                0x0000000008000fec                HAL_TIM_Base_MspInit
 .text.NMI_Handler
                0x0000000008001034        0x6 ./Core/Src/stm32f1xx_it.o
                0x0000000008001034                NMI_Handler
 .text.HardFault_Handler
                0x000000000800103a        0x6 ./Core/Src/stm32f1xx_it.o
                0x000000000800103a                HardFault_Handler
 .text.MemManage_Handler
                0x0000000008001040        0x6 ./Core/Src/stm32f1xx_it.o
                0x0000000008001040                MemManage_Handler
 .text.BusFault_Handler
                0x0000000008001046        0x6 ./Core/Src/stm32f1xx_it.o
                0x0000000008001046                BusFault_Handler
 .text.UsageFault_Handler
                0x000000000800104c        0x6 ./Core/Src/stm32f1xx_it.o
                0x000000000800104c                UsageFault_Handler
 .text.SVC_Handler
                0x0000000008001052        0xc ./Core/Src/stm32f1xx_it.o
                0x0000000008001052                SVC_Handler
 .text.DebugMon_Handler
                0x000000000800105e        0xc ./Core/Src/stm32f1xx_it.o
                0x000000000800105e                DebugMon_Handler
 .text.PendSV_Handler
                0x000000000800106a        0xc ./Core/Src/stm32f1xx_it.o
                0x000000000800106a                PendSV_Handler
 .text.SysTick_Handler
                0x0000000008001076        0xc ./Core/Src/stm32f1xx_it.o
                0x0000000008001076                SysTick_Handler
 *fill*         0x0000000008001082        0x2 
 .text.TIM2_IRQHandler
                0x0000000008001084       0x14 ./Core/Src/stm32f1xx_it.o
                0x0000000008001084                TIM2_IRQHandler
 .text.SystemInit
                0x0000000008001098        0xc ./Core/Src/system_stm32f1xx.o
                0x0000000008001098                SystemInit
 .text.Reset_Handler
                0x00000000080010a4       0x48 ./Core/Startup/startup_stm32f103c6ux.o
                0x00000000080010a4                Reset_Handler
 .text.Default_Handler
                0x00000000080010ec        0x2 ./Core/Startup/startup_stm32f103c6ux.o
                0x00000000080010ec                RTC_Alarm_IRQHandler
                0x00000000080010ec                EXTI2_IRQHandler
                0x00000000080010ec                TIM1_CC_IRQHandler
                0x00000000080010ec                PVD_IRQHandler
                0x00000000080010ec                EXTI3_IRQHandler
                0x00000000080010ec                EXTI0_IRQHandler
                0x00000000080010ec                ADC1_2_IRQHandler
                0x00000000080010ec                SPI1_IRQHandler
                0x00000000080010ec                TAMPER_IRQHandler
                0x00000000080010ec                DMA1_Channel4_IRQHandler
                0x00000000080010ec                RTC_IRQHandler
                0x00000000080010ec                DMA1_Channel7_IRQHandler
                0x00000000080010ec                CAN1_RX1_IRQHandler
                0x00000000080010ec                I2C1_EV_IRQHandler
                0x00000000080010ec                DMA1_Channel6_IRQHandler
                0x00000000080010ec                TIM3_IRQHandler
                0x00000000080010ec                RCC_IRQHandler
                0x00000000080010ec                TIM1_TRG_COM_IRQHandler
                0x00000000080010ec                DMA1_Channel1_IRQHandler
                0x00000000080010ec                Default_Handler
                0x00000000080010ec                EXTI15_10_IRQHandler
                0x00000000080010ec                EXTI9_5_IRQHandler
                0x00000000080010ec                DMA1_Channel5_IRQHandler
                0x00000000080010ec                EXTI4_IRQHandler
                0x00000000080010ec                USB_LP_CAN1_RX0_IRQHandler
                0x00000000080010ec                USB_HP_CAN1_TX_IRQHandler
                0x00000000080010ec                DMA1_Channel3_IRQHandler
                0x00000000080010ec                TIM1_UP_IRQHandler
                0x00000000080010ec                WWDG_IRQHandler
                0x00000000080010ec                TIM1_BRK_IRQHandler
                0x00000000080010ec                EXTI1_IRQHandler
                0x00000000080010ec                USART2_IRQHandler
                0x00000000080010ec                DMA1_Channel2_IRQHandler
                0x00000000080010ec                CAN1_SCE_IRQHandler
                0x00000000080010ec                FLASH_IRQHandler
                0x00000000080010ec                USART1_IRQHandler
                0x00000000080010ec                I2C1_ER_IRQHandler
                0x00000000080010ec                USBWakeUp_IRQHandler
 *fill*         0x00000000080010ee        0x2 
 .text.HAL_Init
                0x00000000080010f0       0x2c ./Drivers/STM32F1xx_HAL_Driver/Src/stm32f1xx_hal.o
                0x00000000080010f0                HAL_Init
 .text.HAL_InitTick
                0x000000000800111c       0x60 ./Drivers/STM32F1xx_HAL_Driver/Src/stm32f1xx_hal.o
                0x000000000800111c                HAL_InitTick
 .text.HAL_IncTick
                0x000000000800117c       0x24 ./Drivers/STM32F1xx_HAL_Driver/Src/stm32f1xx_hal.o
                0x000000000800117c                HAL_IncTick
 .text.HAL_GetTick
                0x00000000080011a0       0x14 ./Drivers/STM32F1xx_HAL_Driver/Src/stm32f1xx_hal.o
                0x00000000080011a0                HAL_GetTick
 .text.__NVIC_SetPriorityGrouping
                0x00000000080011b4       0x48 ./Drivers/STM32F1xx_HAL_Driver/Src/stm32f1xx_hal_cortex.o
 .text.__NVIC_GetPriorityGrouping
                0x00000000080011fc       0x1c ./Drivers/STM32F1xx_HAL_Driver/Src/stm32f1xx_hal_cortex.o
 .text.__NVIC_EnableIRQ
                0x0000000008001218       0x38 ./Drivers/STM32F1xx_HAL_Driver/Src/stm32f1xx_hal_cortex.o
 .text.__NVIC_SetPriority
                0x0000000008001250       0x54 ./Drivers/STM32F1xx_HAL_Driver/Src/stm32f1xx_hal_cortex.o
 .text.NVIC_EncodePriority
                0x00000000080012a4       0x64 ./Drivers/STM32F1xx_HAL_Driver/Src/stm32f1xx_hal_cortex.o
 .text.SysTick_Config
                0x0000000008001308       0x44 ./Drivers/STM32F1xx_HAL_Driver/Src/stm32f1xx_hal_cortex.o
 .text.HAL_NVIC_SetPriorityGrouping
                0x000000000800134c       0x16 ./Drivers/STM32F1xx_HAL_Driver/Src/stm32f1xx_hal_cortex.o
                0x000000000800134c                HAL_NVIC_SetPriorityGrouping
 .text.HAL_NVIC_SetPriority
                0x0000000008001362       0x38 ./Drivers/STM32F1xx_HAL_Driver/Src/stm32f1xx_hal_cortex.o
                0x0000000008001362                HAL_NVIC_SetPriority
 .text.HAL_NVIC_EnableIRQ
                0x000000000800139a       0x1c ./Drivers/STM32F1xx_HAL_Driver/Src/stm32f1xx_hal_cortex.o
                0x000000000800139a                HAL_NVIC_EnableIRQ
 .text.HAL_SYSTICK_Config
                0x00000000080013b6       0x18 ./Drivers/STM32F1xx_HAL_Driver/Src/stm32f1xx_hal_cortex.o
                0x00000000080013b6                HAL_SYSTICK_Config
 *fill*         0x00000000080013ce        0x2 
 .text.HAL_GPIO_Init
                0x00000000080013d0      0x2f4 ./Drivers/STM32F1xx_HAL_Driver/Src/stm32f1xx_hal_gpio.o
                0x00000000080013d0                HAL_GPIO_Init
 .text.HAL_GPIO_ReadPin
                0x00000000080016c4       0x2e ./Drivers/STM32F1xx_HAL_Driver/Src/stm32f1xx_hal_gpio.o
                0x00000000080016c4                HAL_GPIO_ReadPin
 .text.HAL_GPIO_WritePin
                0x00000000080016f2       0x30 ./Drivers/STM32F1xx_HAL_Driver/Src/stm32f1xx_hal_gpio.o
                0x00000000080016f2                HAL_GPIO_WritePin
 .text.HAL_GPIO_TogglePin
                0x0000000008001722       0x32 ./Drivers/STM32F1xx_HAL_Driver/Src/stm32f1xx_hal_gpio.o
                0x0000000008001722                HAL_GPIO_TogglePin
 .text.HAL_RCC_OscConfig
                0x0000000008001754      0x500 ./Drivers/STM32F1xx_HAL_Driver/Src/stm32f1xx_hal_rcc.o
                0x0000000008001754                HAL_RCC_OscConfig
 .text.HAL_RCC_ClockConfig
                0x0000000008001c54      0x1d4 ./Drivers/STM32F1xx_HAL_Driver/Src/stm32f1xx_hal_rcc.o
                0x0000000008001c54                HAL_RCC_ClockConfig
 .text.HAL_RCC_GetSysClockFreq
                0x0000000008001e28       0xa8 ./Drivers/STM32F1xx_HAL_Driver/Src/stm32f1xx_hal_rcc.o
                0x0000000008001e28                HAL_RCC_GetSysClockFreq
 .text.RCC_Delay
                0x0000000008001ed0       0x3c ./Drivers/STM32F1xx_HAL_Driver/Src/stm32f1xx_hal_rcc.o
 .text.HAL_TIM_Base_Init
                0x0000000008001f0c       0x9e ./Drivers/STM32F1xx_HAL_Driver/Src/stm32f1xx_hal_tim.o
                0x0000000008001f0c                HAL_TIM_Base_Init
 *fill*         0x0000000008001faa        0x2 
 .text.HAL_TIM_Base_Start_IT
                0x0000000008001fac       0x98 ./Drivers/STM32F1xx_HAL_Driver/Src/stm32f1xx_hal_tim.o
                0x0000000008001fac                HAL_TIM_Base_Start_IT
 .text.HAL_TIM_IRQHandler
                0x0000000008002044      0x210 ./Drivers/STM32F1xx_HAL_Driver/Src/stm32f1xx_hal_tim.o
                0x0000000008002044                HAL_TIM_IRQHandler
 .text.HAL_TIM_ConfigClockSource
                0x0000000008002254      0x18e ./Drivers/STM32F1xx_HAL_Driver/Src/stm32f1xx_hal_tim.o
                0x0000000008002254                HAL_TIM_ConfigClockSource
 .text.HAL_TIM_OC_DelayElapsedCallback
                0x00000000080023e2       0x12 ./Drivers/STM32F1xx_HAL_Driver/Src/stm32f1xx_hal_tim.o
                0x00000000080023e2                HAL_TIM_OC_DelayElapsedCallback
 .text.HAL_TIM_IC_CaptureCallback
                0x00000000080023f4       0x12 ./Drivers/STM32F1xx_HAL_Driver/Src/stm32f1xx_hal_tim.o
                0x00000000080023f4                HAL_TIM_IC_CaptureCallback
 .text.HAL_TIM_PWM_PulseFinishedCallback
                0x0000000008002406       0x12 ./Drivers/STM32F1xx_HAL_Driver/Src/stm32f1xx_hal_tim.o
                0x0000000008002406                HAL_TIM_PWM_PulseFinishedCallback
 .text.HAL_TIM_TriggerCallback
                0x0000000008002418       0x12 ./Drivers/STM32F1xx_HAL_Driver/Src/stm32f1xx_hal_tim.o
                0x0000000008002418                HAL_TIM_TriggerCallback
 *fill*         0x000000000800242a        0x2 
 .text.TIM_Base_SetConfig
                0x000000000800242c       0xb0 ./Drivers/STM32F1xx_HAL_Driver/Src/stm32f1xx_hal_tim.o
                0x000000000800242c                TIM_Base_SetConfig
 .text.TIM_TI1_ConfigInputStage
                0x00000000080024dc       0x5c ./Drivers/STM32F1xx_HAL_Driver/Src/stm32f1xx_hal_tim.o
 .text.TIM_TI2_ConfigInputStage
                0x0000000008002538       0x5e ./Drivers/STM32F1xx_HAL_Driver/Src/stm32f1xx_hal_tim.o
 .text.TIM_ITRx_SetConfig
                0x0000000008002596       0x34 ./Drivers/STM32F1xx_HAL_Driver/Src/stm32f1xx_hal_tim.o
 .text.TIM_ETR_SetConfig
                0x00000000080025ca       0x3e ./Drivers/STM32F1xx_HAL_Driver/Src/stm32f1xx_hal_tim.o
                0x00000000080025ca                TIM_ETR_SetConfig
 .text.HAL_TIMEx_MasterConfigSynchronization
                0x0000000008002608       0xb0 ./Drivers/STM32F1xx_HAL_Driver/Src/stm32f1xx_hal_tim_ex.o
                0x0000000008002608                HAL_TIMEx_MasterConfigSynchronization
 .text.HAL_TIMEx_CommutCallback
                0x00000000080026b8       0x12 ./Drivers/STM32F1xx_HAL_Driver/Src/stm32f1xx_hal_tim_ex.o
                0x00000000080026b8                HAL_TIMEx_CommutCallback
 .text.HAL_TIMEx_BreakCallback
                0x00000000080026ca       0x12 ./Drivers/STM32F1xx_HAL_Driver/Src/stm32f1xx_hal_tim_ex.o
                0x00000000080026ca                HAL_TIMEx_BreakCallback
 .text.__libc_init_array
                0x00000000080026dc       0x48 c:/program files (x86)/stm32cubeide_1.7.0/stm32cubeide/plugins/com.st.stm32cube.ide.mcu.externaltools.gnu-tools-for-stm32.9-2020-q2-update.win32_2.0.0.202105311346/tools/bin/../lib/gcc/arm-none-eabi/9.3.1/../../../../arm-none-eabi/lib/thumb/v7-m/nofp\libc_nano.a(lib_a-init.o)
                0x00000000080026dc                __libc_init_array
 .text.memset   0x0000000008002724       0x10 c:/program files (x86)/stm32cubeide_1.7.0/stm32cubeide/plugins/com.st.stm32cube.ide.mcu.externaltools.gnu-tools-for-stm32.9-2020-q2-update.win32_2.0.0.202105311346/tools/bin/../lib/gcc/arm-none-eabi/9.3.1/../../../../arm-none-eabi/lib/thumb/v7-m/nofp\libc_nano.a(lib_a-memset.o)
                0x0000000008002724                memset
 *(.glue_7)
 .glue_7        0x0000000008002734        0x0 linker stubs
 *(.glue_7t)
 .glue_7t       0x0000000008002734        0x0 linker stubs
 *(.eh_frame)
 .eh_frame      0x0000000008002734        0x0 c:/program files (x86)/stm32cubeide_1.7.0/stm32cubeide/plugins/com.st.stm32cube.ide.mcu.externaltools.gnu-tools-for-stm32.9-2020-q2-update.win32_2.0.0.202105311346/tools/bin/../lib/gcc/arm-none-eabi/9.3.1/thumb/v7-m/nofp/crtbegin.o
 *(.init)
 .init          0x0000000008002734        0x4 c:/program files (x86)/stm32cubeide_1.7.0/stm32cubeide/plugins/com.st.stm32cube.ide.mcu.externaltools.gnu-tools-for-stm32.9-2020-q2-update.win32_2.0.0.202105311346/tools/bin/../lib/gcc/arm-none-eabi/9.3.1/thumb/v7-m/nofp/crti.o
                0x0000000008002734                _init
 .init          0x0000000008002738        0x8 c:/program files (x86)/stm32cubeide_1.7.0/stm32cubeide/plugins/com.st.stm32cube.ide.mcu.externaltools.gnu-tools-for-stm32.9-2020-q2-update.win32_2.0.0.202105311346/tools/bin/../lib/gcc/arm-none-eabi/9.3.1/thumb/v7-m/nofp/crtn.o
 *(.fini)
 .fini          0x0000000008002740        0x4 c:/program files (x86)/stm32cubeide_1.7.0/stm32cubeide/plugins/com.st.stm32cube.ide.mcu.externaltools.gnu-tools-for-stm32.9-2020-q2-update.win32_2.0.0.202105311346/tools/bin/../lib/gcc/arm-none-eabi/9.3.1/thumb/v7-m/nofp/crti.o
                0x0000000008002740                _fini
 .fini          0x0000000008002744        0x8 c:/program files (x86)/stm32cubeide_1.7.0/stm32cubeide/plugins/com.st.stm32cube.ide.mcu.externaltools.gnu-tools-for-stm32.9-2020-q2-update.win32_2.0.0.202105311346/tools/bin/../lib/gcc/arm-none-eabi/9.3.1/thumb/v7-m/nofp/crtn.o
                0x000000000800274c                . = ALIGN (0x4)
                0x000000000800274c                _etext = .

.vfp11_veneer   0x000000000800274c        0x0
 .vfp11_veneer  0x000000000800274c        0x0 linker stubs

.v4_bx          0x000000000800274c        0x0
 .v4_bx         0x000000000800274c        0x0 linker stubs

.iplt           0x000000000800274c        0x0
 .iplt          0x000000000800274c        0x0 c:/program files (x86)/stm32cubeide_1.7.0/stm32cubeide/plugins/com.st.stm32cube.ide.mcu.externaltools.gnu-tools-for-stm32.9-2020-q2-update.win32_2.0.0.202105311346/tools/bin/../lib/gcc/arm-none-eabi/9.3.1/thumb/v7-m/nofp/crtbegin.o

.rodata         0x000000000800274c       0x24
                0x000000000800274c                . = ALIGN (0x4)
 *(.rodata)
 *(.rodata*)
 .rodata.AHBPrescTable
                0x000000000800274c       0x10 ./Core/Src/system_stm32f1xx.o
                0x000000000800274c                AHBPrescTable
 .rodata.aPLLMULFactorTable.6032
                0x000000000800275c       0x10 ./Drivers/STM32F1xx_HAL_Driver/Src/stm32f1xx_hal_rcc.o
 .rodata.aPredivFactorTable.6033
                0x000000000800276c        0x2 ./Drivers/STM32F1xx_HAL_Driver/Src/stm32f1xx_hal_rcc.o
                0x0000000008002770                . = ALIGN (0x4)
 *fill*         0x000000000800276e        0x2 

.rel.dyn        0x0000000008002770        0x0
 .rel.iplt      0x0000000008002770        0x0 c:/program files (x86)/stm32cubeide_1.7.0/stm32cubeide/plugins/com.st.stm32cube.ide.mcu.externaltools.gnu-tools-for-stm32.9-2020-q2-update.win32_2.0.0.202105311346/tools/bin/../lib/gcc/arm-none-eabi/9.3.1/thumb/v7-m/nofp/crtbegin.o

.ARM.extab      0x0000000008002770        0x0
                0x0000000008002770                . = ALIGN (0x4)
 *(.ARM.extab* .gnu.linkonce.armextab.*)
                0x0000000008002770                . = ALIGN (0x4)

.ARM            0x0000000008002770        0x0
                0x0000000008002770                . = ALIGN (0x4)
                0x0000000008002770                __exidx_start = .
 *(.ARM.exidx*)
                0x0000000008002770                __exidx_end = .
                0x0000000008002770                . = ALIGN (0x4)

.preinit_array  0x0000000008002770        0x0
                0x0000000008002770                . = ALIGN (0x4)
                0x0000000008002770                PROVIDE (__preinit_array_start = .)
 *(.preinit_array*)
                0x0000000008002770                PROVIDE (__preinit_array_end = .)
                0x0000000008002770                . = ALIGN (0x4)

.init_array     0x0000000008002770        0x4
                0x0000000008002770                . = ALIGN (0x4)
                0x0000000008002770                PROVIDE (__init_array_start = .)
 *(SORT_BY_NAME(.init_array.*))
 *(.init_array*)
 .init_array    0x0000000008002770        0x4 c:/program files (x86)/stm32cubeide_1.7.0/stm32cubeide/plugins/com.st.stm32cube.ide.mcu.externaltools.gnu-tools-for-stm32.9-2020-q2-update.win32_2.0.0.202105311346/tools/bin/../lib/gcc/arm-none-eabi/9.3.1/thumb/v7-m/nofp/crtbegin.o
                0x0000000008002774                PROVIDE (__init_array_end = .)
                0x0000000008002774                . = ALIGN (0x4)

.fini_array     0x0000000008002774        0x4
                0x0000000008002774                . = ALIGN (0x4)
                [!provide]                        PROVIDE (__fini_array_start = .)
 *(SORT_BY_NAME(.fini_array.*))
 *(.fini_array*)
 .fini_array    0x0000000008002774        0x4 c:/program files (x86)/stm32cubeide_1.7.0/stm32cubeide/plugins/com.st.stm32cube.ide.mcu.externaltools.gnu-tools-for-stm32.9-2020-q2-update.win32_2.0.0.202105311346/tools/bin/../lib/gcc/arm-none-eabi/9.3.1/thumb/v7-m/nofp/crtbegin.o
                [!provide]                        PROVIDE (__fini_array_end = .)
                0x0000000008002778                . = ALIGN (0x4)
                0x0000000008002778                _sidata = LOADADDR (.data)

.data           0x0000000020000000       0x54 load address 0x0000000008002778
                0x0000000020000000                . = ALIGN (0x4)
                0x0000000020000000                _sdata = .
 *(.data)
 *(.data*)
 .data.button1  0x0000000020000000       0x18 ./Core/Src/button.o
                0x0000000020000000                button1
 .data.button2  0x0000000020000018       0x18 ./Core/Src/button.o
                0x0000000020000018                button2
 .data.button3  0x0000000020000030       0x18 ./Core/Src/button.o
                0x0000000020000030                button3
 .data.SystemCoreClock
                0x0000000020000048        0x4 ./Core/Src/system_stm32f1xx.o
                0x0000000020000048                SystemCoreClock
 .data.uwTickPrio
                0x000000002000004c        0x4 ./Drivers/STM32F1xx_HAL_Driver/Src/stm32f1xx_hal.o
                0x000000002000004c                uwTickPrio
 .data.uwTickFreq
                0x0000000020000050        0x1 ./Drivers/STM32F1xx_HAL_Driver/Src/stm32f1xx_hal.o
                0x0000000020000050                uwTickFreq
 *(.RamFunc)
 *(.RamFunc*)
                0x0000000020000054                . = ALIGN (0x4)
 *fill*         0x0000000020000051        0x3 
                0x0000000020000054                _edata = .

.igot.plt       0x0000000020000054        0x0 load address 0x00000000080027cc
 .igot.plt      0x0000000020000054        0x0 c:/program files (x86)/stm32cubeide_1.7.0/stm32cubeide/plugins/com.st.stm32cube.ide.mcu.externaltools.gnu-tools-for-stm32.9-2020-q2-update.win32_2.0.0.202105311346/tools/bin/../lib/gcc/arm-none-eabi/9.3.1/thumb/v7-m/nofp/crtbegin.o
                0x0000000020000054                . = ALIGN (0x4)

.bss            0x0000000020000054       0xa4 load address 0x00000000080027cc
                0x0000000020000054                _sbss = .
                0x0000000020000054                __bss_start__ = _sbss
 *(.bss)
 .bss           0x0000000020000054       0x1c c:/program files (x86)/stm32cubeide_1.7.0/stm32cubeide/plugins/com.st.stm32cube.ide.mcu.externaltools.gnu-tools-for-stm32.9-2020-q2-update.win32_2.0.0.202105311346/tools/bin/../lib/gcc/arm-none-eabi/9.3.1/thumb/v7-m/nofp/crtbegin.o
 *(.bss*)
 .bss.traffic_status
                0x0000000020000070        0x4 ./Core/Src/global.o
                0x0000000020000070                traffic_status
 .bss.blinky_status
                0x0000000020000074        0x4 ./Core/Src/global.o
                0x0000000020000074                blinky_status
 .bss.segment_buffer
                0x0000000020000078       0x10 ./Core/Src/global.o
                0x0000000020000078                segment_buffer
 .bss.segment_status
                0x0000000020000088        0x4 ./Core/Src/segment_led.o
                0x0000000020000088                segment_status
 .bss.timer1_flag
                0x000000002000008c        0x4 ./Core/Src/software_timer.o
                0x000000002000008c                timer1_flag
 .bss.timer1_counter
                0x0000000020000090        0x4 ./Core/Src/software_timer.o
                0x0000000020000090                timer1_counter
 .bss.timer2_flag
                0x0000000020000094        0x4 ./Core/Src/software_timer.o
                0x0000000020000094                timer2_flag
 .bss.timer2_counter
                0x0000000020000098        0x4 ./Core/Src/software_timer.o
                0x0000000020000098                timer2_counter
 *(COMMON)
 COMMON         0x000000002000009c        0x4 ./Core/Src/FSM_traffic_light.o
                0x000000002000009c                counter
 COMMON         0x00000000200000a0        0xc ./Core/Src/global.o
                0x00000000200000a0                timeGreen
                0x00000000200000a4                timeAmber
                0x00000000200000a8                timeRed
 COMMON         0x00000000200000ac       0x48 ./Core/Src/main.o
                0x00000000200000ac                htim2
 COMMON         0x00000000200000f4        0x4 ./Drivers/STM32F1xx_HAL_Driver/Src/stm32f1xx_hal.o
                0x00000000200000f4                uwTick
                0x00000000200000f8                . = ALIGN (0x4)
                0x00000000200000f8                _ebss = .
                0x00000000200000f8                __bss_end__ = _ebss

._user_heap_stack
                0x00000000200000f8      0x600 load address 0x00000000080027cc
                0x00000000200000f8                . = ALIGN (0x8)
                [!provide]                        PROVIDE (end = .)
                0x00000000200000f8                PROVIDE (_end = .)
                0x00000000200002f8                . = (. + _Min_Heap_Size)
 *fill*         0x00000000200000f8      0x200 
                0x00000000200006f8                . = (. + _Min_Stack_Size)
 *fill*         0x00000000200002f8      0x400 
                0x00000000200006f8                . = ALIGN (0x8)

/DISCARD/
 libc.a(*)
 libm.a(*)
 libgcc.a(*)

.ARM.attributes
                0x0000000000000000       0x29
 *(.ARM.attributes)
 .ARM.attributes
                0x0000000000000000       0x1d c:/program files (x86)/stm32cubeide_1.7.0/stm32cubeide/plugins/com.st.stm32cube.ide.mcu.externaltools.gnu-tools-for-stm32.9-2020-q2-update.win32_2.0.0.202105311346/tools/bin/../lib/gcc/arm-none-eabi/9.3.1/thumb/v7-m/nofp/crti.o
 .ARM.attributes
                0x000000000000001d       0x2d c:/program files (x86)/stm32cubeide_1.7.0/stm32cubeide/plugins/com.st.stm32cube.ide.mcu.externaltools.gnu-tools-for-stm32.9-2020-q2-update.win32_2.0.0.202105311346/tools/bin/../lib/gcc/arm-none-eabi/9.3.1/thumb/v7-m/nofp/crtbegin.o
 .ARM.attributes
                0x000000000000004a       0x2d ./Core/Src/FSM_traffic_light.o
 .ARM.attributes
                0x0000000000000077       0x2d ./Core/Src/button.o
 .ARM.attributes
                0x00000000000000a4       0x33 ./Core/Src/global.o
 .ARM.attributes
                0x00000000000000d7       0x2d ./Core/Src/main.o
 .ARM.attributes
                0x0000000000000104       0x2d ./Core/Src/segment_led.o
 .ARM.attributes
                0x0000000000000131       0x2d ./Core/Src/software_timer.o
 .ARM.attributes
                0x000000000000015e       0x2d ./Core/Src/stm32f1xx_hal_msp.o
 .ARM.attributes
                0x000000000000018b       0x2d ./Core/Src/stm32f1xx_it.o
 .ARM.attributes
                0x00000000000001b8       0x2d ./Core/Src/system_stm32f1xx.o
 .ARM.attributes
                0x00000000000001e5       0x21 ./Core/Startup/startup_stm32f103c6ux.o
 .ARM.attributes
                0x0000000000000206       0x2d ./Drivers/STM32F1xx_HAL_Driver/Src/stm32f1xx_hal.o
 .ARM.attributes
                0x0000000000000233       0x2d ./Drivers/STM32F1xx_HAL_Driver/Src/stm32f1xx_hal_cortex.o
 .ARM.attributes
                0x0000000000000260       0x2d ./Drivers/STM32F1xx_HAL_Driver/Src/stm32f1xx_hal_gpio.o
 .ARM.attributes
                0x000000000000028d       0x2d ./Drivers/STM32F1xx_HAL_Driver/Src/stm32f1xx_hal_rcc.o
 .ARM.attributes
                0x00000000000002ba       0x2d ./Drivers/STM32F1xx_HAL_Driver/Src/stm32f1xx_hal_tim.o
 .ARM.attributes
                0x00000000000002e7       0x2d ./Drivers/STM32F1xx_HAL_Driver/Src/stm32f1xx_hal_tim_ex.o
 .ARM.attributes
                0x0000000000000314       0x2d c:/program files (x86)/stm32cubeide_1.7.0/stm32cubeide/plugins/com.st.stm32cube.ide.mcu.externaltools.gnu-tools-for-stm32.9-2020-q2-update.win32_2.0.0.202105311346/tools/bin/../lib/gcc/arm-none-eabi/9.3.1/../../../../arm-none-eabi/lib/thumb/v7-m/nofp\libc_nano.a(lib_a-init.o)
 .ARM.attributes
                0x0000000000000341       0x2d c:/program files (x86)/stm32cubeide_1.7.0/stm32cubeide/plugins/com.st.stm32cube.ide.mcu.externaltools.gnu-tools-for-stm32.9-2020-q2-update.win32_2.0.0.202105311346/tools/bin/../lib/gcc/arm-none-eabi/9.3.1/../../../../arm-none-eabi/lib/thumb/v7-m/nofp\libc_nano.a(lib_a-memset.o)
 .ARM.attributes
                0x000000000000036e       0x1d c:/program files (x86)/stm32cubeide_1.7.0/stm32cubeide/plugins/com.st.stm32cube.ide.mcu.externaltools.gnu-tools-for-stm32.9-2020-q2-update.win32_2.0.0.202105311346/tools/bin/../lib/gcc/arm-none-eabi/9.3.1/thumb/v7-m/nofp/crtn.o
OUTPUT(LAB_3.elf elf32-littlearm)
LOAD linker stubs
LOAD c:/program files (x86)/stm32cubeide_1.7.0/stm32cubeide/plugins/com.st.stm32cube.ide.mcu.externaltools.gnu-tools-for-stm32.9-2020-q2-update.win32_2.0.0.202105311346/tools/bin/../lib/gcc/arm-none-eabi/9.3.1/../../../../arm-none-eabi/lib/thumb/v7-m/nofp\libc.a
LOAD c:/program files (x86)/stm32cubeide_1.7.0/stm32cubeide/plugins/com.st.stm32cube.ide.mcu.externaltools.gnu-tools-for-stm32.9-2020-q2-update.win32_2.0.0.202105311346/tools/bin/../lib/gcc/arm-none-eabi/9.3.1/../../../../arm-none-eabi/lib/thumb/v7-m/nofp\libm.a
LOAD c:/program files (x86)/stm32cubeide_1.7.0/stm32cubeide/plugins/com.st.stm32cube.ide.mcu.externaltools.gnu-tools-for-stm32.9-2020-q2-update.win32_2.0.0.202105311346/tools/bin/../lib/gcc/arm-none-eabi/9.3.1/thumb/v7-m/nofp\libgcc.a

.debug_info     0x0000000000000000     0x9452
 .debug_info    0x0000000000000000      0x336 ./Core/Src/FSM_traffic_light.o
 .debug_info    0x0000000000000336      0x399 ./Core/Src/button.o
 .debug_info    0x00000000000006cf      0x24c ./Core/Src/global.o
 .debug_info    0x000000000000091b      0xca3 ./Core/Src/main.o
 .debug_info    0x00000000000015be      0x31a ./Core/Src/segment_led.o
 .debug_info    0x00000000000018d8      0x2a9 ./Core/Src/software_timer.o
 .debug_info    0x0000000000001b81      0xa09 ./Core/Src/stm32f1xx_hal_msp.o
 .debug_info    0x000000000000258a      0x7b9 ./Core/Src/stm32f1xx_it.o
 .debug_info    0x0000000000002d43      0x2be ./Core/Src/system_stm32f1xx.o
 .debug_info    0x0000000000003001       0x22 ./Core/Startup/startup_stm32f103c6ux.o
 .debug_info    0x0000000000003023      0x74c ./Drivers/STM32F1xx_HAL_Driver/Src/stm32f1xx_hal.o
 .debug_info    0x000000000000376f      0xbbe ./Drivers/STM32F1xx_HAL_Driver/Src/stm32f1xx_hal_cortex.o
 .debug_info    0x000000000000432d      0x701 ./Drivers/STM32F1xx_HAL_Driver/Src/stm32f1xx_hal_gpio.o
 .debug_info    0x0000000000004a2e      0x893 ./Drivers/STM32F1xx_HAL_Driver/Src/stm32f1xx_hal_rcc.o
 .debug_info    0x00000000000052c1     0x2c12 ./Drivers/STM32F1xx_HAL_Driver/Src/stm32f1xx_hal_tim.o
 .debug_info    0x0000000000007ed3     0x157f ./Drivers/STM32F1xx_HAL_Driver/Src/stm32f1xx_hal_tim_ex.o

.debug_abbrev   0x0000000000000000     0x1ae0
 .debug_abbrev  0x0000000000000000      0x144 ./Core/Src/FSM_traffic_light.o
 .debug_abbrev  0x0000000000000144      0x14a ./Core/Src/button.o
 .debug_abbrev  0x000000000000028e       0xae ./Core/Src/global.o
 .debug_abbrev  0x000000000000033c      0x283 ./Core/Src/main.o
 .debug_abbrev  0x00000000000005bf      0x139 ./Core/Src/segment_led.o
 .debug_abbrev  0x00000000000006f8      0x13c ./Core/Src/software_timer.o
 .debug_abbrev  0x0000000000000834      0x1b7 ./Core/Src/stm32f1xx_hal_msp.o
 .debug_abbrev  0x00000000000009eb      0x176 ./Core/Src/stm32f1xx_it.o
 .debug_abbrev  0x0000000000000b61      0x14e ./Core/Src/system_stm32f1xx.o
 .debug_abbrev  0x0000000000000caf       0x12 ./Core/Startup/startup_stm32f103c6ux.o
 .debug_abbrev  0x0000000000000cc1      0x1ed ./Drivers/STM32F1xx_HAL_Driver/Src/stm32f1xx_hal.o
 .debug_abbrev  0x0000000000000eae      0x313 ./Drivers/STM32F1xx_HAL_Driver/Src/stm32f1xx_hal_cortex.o
 .debug_abbrev  0x00000000000011c1      0x1e8 ./Drivers/STM32F1xx_HAL_Driver/Src/stm32f1xx_hal_gpio.o
 .debug_abbrev  0x00000000000013a9      0x273 ./Drivers/STM32F1xx_HAL_Driver/Src/stm32f1xx_hal_rcc.o
 .debug_abbrev  0x000000000000161c      0x25e ./Drivers/STM32F1xx_HAL_Driver/Src/stm32f1xx_hal_tim.o
 .debug_abbrev  0x000000000000187a      0x266 ./Drivers/STM32F1xx_HAL_Driver/Src/stm32f1xx_hal_tim_ex.o

.debug_aranges  0x0000000000000000      0xa30
 .debug_aranges
                0x0000000000000000       0x30 ./Core/Src/FSM_traffic_light.o
 .debug_aranges
                0x0000000000000030       0x50 ./Core/Src/button.o
 .debug_aranges
                0x0000000000000080       0x18 ./Core/Src/global.o
 .debug_aranges
                0x0000000000000098       0x48 ./Core/Src/main.o
 .debug_aranges
                0x00000000000000e0       0x28 ./Core/Src/segment_led.o
 .debug_aranges
                0x0000000000000108       0x40 ./Core/Src/software_timer.o
 .debug_aranges
                0x0000000000000148       0x30 ./Core/Src/stm32f1xx_hal_msp.o
 .debug_aranges
                0x0000000000000178       0x68 ./Core/Src/stm32f1xx_it.o
 .debug_aranges
                0x00000000000001e0       0x28 ./Core/Src/system_stm32f1xx.o
 .debug_aranges
                0x0000000000000208       0x28 ./Core/Startup/startup_stm32f103c6ux.o
 .debug_aranges
                0x0000000000000230       0xe0 ./Drivers/STM32F1xx_HAL_Driver/Src/stm32f1xx_hal.o
 .debug_aranges
                0x0000000000000310      0x100 ./Drivers/STM32F1xx_HAL_Driver/Src/stm32f1xx_hal_cortex.o
 .debug_aranges
                0x0000000000000410       0x58 ./Drivers/STM32F1xx_HAL_Driver/Src/stm32f1xx_hal_gpio.o
 .debug_aranges
                0x0000000000000468       0x90 ./Drivers/STM32F1xx_HAL_Driver/Src/stm32f1xx_hal_rcc.o
 .debug_aranges
                0x00000000000004f8      0x3d0 ./Drivers/STM32F1xx_HAL_Driver/Src/stm32f1xx_hal_tim.o
 .debug_aranges
                0x00000000000008c8      0x168 ./Drivers/STM32F1xx_HAL_Driver/Src/stm32f1xx_hal_tim_ex.o

.debug_ranges   0x0000000000000000      0x930
 .debug_ranges  0x0000000000000000       0x20 ./Core/Src/FSM_traffic_light.o
 .debug_ranges  0x0000000000000020       0x40 ./Core/Src/button.o
 .debug_ranges  0x0000000000000060       0x38 ./Core/Src/main.o
 .debug_ranges  0x0000000000000098       0x18 ./Core/Src/segment_led.o
 .debug_ranges  0x00000000000000b0       0x30 ./Core/Src/software_timer.o
 .debug_ranges  0x00000000000000e0       0x20 ./Core/Src/stm32f1xx_hal_msp.o
 .debug_ranges  0x0000000000000100       0x58 ./Core/Src/stm32f1xx_it.o
 .debug_ranges  0x0000000000000158       0x18 ./Core/Src/system_stm32f1xx.o
 .debug_ranges  0x0000000000000170       0x20 ./Core/Startup/startup_stm32f103c6ux.o
 .debug_ranges  0x0000000000000190       0xd0 ./Drivers/STM32F1xx_HAL_Driver/Src/stm32f1xx_hal.o
 .debug_ranges  0x0000000000000260       0xf0 ./Drivers/STM32F1xx_HAL_Driver/Src/stm32f1xx_hal_cortex.o
 .debug_ranges  0x0000000000000350       0x48 ./Drivers/STM32F1xx_HAL_Driver/Src/stm32f1xx_hal_gpio.o
 .debug_ranges  0x0000000000000398       0x80 ./Drivers/STM32F1xx_HAL_Driver/Src/stm32f1xx_hal_rcc.o
 .debug_ranges  0x0000000000000418      0x3c0 ./Drivers/STM32F1xx_HAL_Driver/Src/stm32f1xx_hal_tim.o
 .debug_ranges  0x00000000000007d8      0x158 ./Drivers/STM32F1xx_HAL_Driver/Src/stm32f1xx_hal_tim_ex.o

.debug_macro    0x0000000000000000    0x16ce7
 .debug_macro   0x0000000000000000      0x1ea ./Core/Src/FSM_traffic_light.o
 .debug_macro   0x00000000000001ea      0xa9c ./Core/Src/FSM_traffic_light.o
 .debug_macro   0x0000000000000c86      0x215 ./Core/Src/FSM_traffic_light.o
 .debug_macro   0x0000000000000e9b       0x2e ./Core/Src/FSM_traffic_light.o
 .debug_macro   0x0000000000000ec9       0x22 ./Core/Src/FSM_traffic_light.o
 .debug_macro   0x0000000000000eeb       0x22 ./Core/Src/FSM_traffic_light.o
 .debug_macro   0x0000000000000f0d       0x8e ./Core/Src/FSM_traffic_light.o
 .debug_macro   0x0000000000000f9b       0x51 ./Core/Src/FSM_traffic_light.o
 .debug_macro   0x0000000000000fec      0x103 ./Core/Src/FSM_traffic_light.o
 .debug_macro   0x00000000000010ef       0x6a ./Core/Src/FSM_traffic_light.o
 .debug_macro   0x0000000000001159      0x1df ./Core/Src/FSM_traffic_light.o
 .debug_macro   0x0000000000001338       0x1c ./Core/Src/FSM_traffic_light.o
 .debug_macro   0x0000000000001354       0x22 ./Core/Src/FSM_traffic_light.o
 .debug_macro   0x0000000000001376       0xc3 ./Core/Src/FSM_traffic_light.o
 .debug_macro   0x0000000000001439      0xd23 ./Core/Src/FSM_traffic_light.o
 .debug_macro   0x000000000000215c     0xde75 ./Core/Src/FSM_traffic_light.o
 .debug_macro   0x000000000000ffd1       0x6d ./Core/Src/FSM_traffic_light.o
 .debug_macro   0x000000000001003e     0x348d ./Core/Src/FSM_traffic_light.o
 .debug_macro   0x00000000000134cb      0x174 ./Core/Src/FSM_traffic_light.o
 .debug_macro   0x000000000001363f       0x5c ./Core/Src/FSM_traffic_light.o
 .debug_macro   0x000000000001369b      0x5bc ./Core/Src/FSM_traffic_light.o
 .debug_macro   0x0000000000013c57      0x1b7 ./Core/Src/FSM_traffic_light.o
 .debug_macro   0x0000000000013e0e      0x1cb ./Core/Src/FSM_traffic_light.o
 .debug_macro   0x0000000000013fd9      0x114 ./Core/Src/FSM_traffic_light.o
 .debug_macro   0x00000000000140ed      0x1b2 ./Core/Src/FSM_traffic_light.o
 .debug_macro   0x000000000001429f       0x27 ./Core/Src/FSM_traffic_light.o
 .debug_macro   0x00000000000142c6      0x12f ./Core/Src/FSM_traffic_light.o
 .debug_macro   0x00000000000143f5      0x1bc ./Core/Src/FSM_traffic_light.o
 .debug_macro   0x00000000000145b1       0x34 ./Core/Src/FSM_traffic_light.o
 .debug_macro   0x00000000000145e5       0x3c ./Core/Src/FSM_traffic_light.o
 .debug_macro   0x0000000000014621       0x57 ./Core/Src/FSM_traffic_light.o
 .debug_macro   0x0000000000014678       0x87 ./Core/Src/FSM_traffic_light.o
 .debug_macro   0x00000000000146ff      0x183 ./Core/Src/FSM_traffic_light.o
 .debug_macro   0x0000000000014882      0x140 ./Core/Src/FSM_traffic_light.o
 .debug_macro   0x00000000000149c2      0x8ed ./Core/Src/FSM_traffic_light.o
 .debug_macro   0x00000000000152af       0x69 ./Core/Src/FSM_traffic_light.o
 .debug_macro   0x0000000000015318       0xf4 ./Core/Src/FSM_traffic_light.o
 .debug_macro   0x000000000001540c       0x16 ./Core/Src/FSM_traffic_light.o
 .debug_macro   0x0000000000015422       0x10 ./Core/Src/FSM_traffic_light.o
 .debug_macro   0x0000000000015432      0x1f1 ./Core/Src/button.o
 .debug_macro   0x0000000000015623      0x1e6 ./Core/Src/global.o
 .debug_macro   0x0000000000015809      0x1ea ./Core/Src/main.o
 .debug_macro   0x00000000000159f3      0x1f1 ./Core/Src/segment_led.o
 .debug_macro   0x0000000000015be4      0x1ea ./Core/Src/software_timer.o
 .debug_macro   0x0000000000015dce      0x1a6 ./Core/Src/stm32f1xx_hal_msp.o
 .debug_macro   0x0000000000015f74      0x1b0 ./Core/Src/stm32f1xx_it.o
 .debug_macro   0x0000000000016124      0x197 ./Core/Src/system_stm32f1xx.o
 .debug_macro   0x00000000000162bb      0x1bb ./Drivers/STM32F1xx_HAL_Driver/Src/stm32f1xx_hal.o
 .debug_macro   0x0000000000016476      0x197 ./Drivers/STM32F1xx_HAL_Driver/Src/stm32f1xx_hal_cortex.o
 .debug_macro   0x000000000001660d      0x202 ./Drivers/STM32F1xx_HAL_Driver/Src/stm32f1xx_hal_gpio.o
 .debug_macro   0x000000000001680f      0x1a9 ./Drivers/STM32F1xx_HAL_Driver/Src/stm32f1xx_hal_rcc.o
 .debug_macro   0x00000000000169b8      0x198 ./Drivers/STM32F1xx_HAL_Driver/Src/stm32f1xx_hal_tim.o
 .debug_macro   0x0000000000016b50      0x197 ./Drivers/STM32F1xx_HAL_Driver/Src/stm32f1xx_hal_tim_ex.o

.debug_line     0x0000000000000000     0xc11b
 .debug_line    0x0000000000000000      0x8ba ./Core/Src/FSM_traffic_light.o
 .debug_line    0x00000000000008ba      0x8fa ./Core/Src/button.o
 .debug_line    0x00000000000011b4      0x708 ./Core/Src/global.o
 .debug_line    0x00000000000018bc      0x978 ./Core/Src/main.o
 .debug_line    0x0000000000002234      0x7b8 ./Core/Src/segment_led.o
 .debug_line    0x00000000000029ec      0x7a8 ./Core/Src/software_timer.o
 .debug_line    0x0000000000003194      0x714 ./Core/Src/stm32f1xx_hal_msp.o
 .debug_line    0x00000000000038a8      0x7b2 ./Core/Src/stm32f1xx_it.o
 .debug_line    0x000000000000405a      0x756 ./Core/Src/system_stm32f1xx.o
 .debug_line    0x00000000000047b0       0x86 ./Core/Startup/startup_stm32f103c6ux.o
 .debug_line    0x0000000000004836      0x983 ./Drivers/STM32F1xx_HAL_Driver/Src/stm32f1xx_hal.o
 .debug_line    0x00000000000051b9      0xb6b ./Drivers/STM32F1xx_HAL_Driver/Src/stm32f1xx_hal_cortex.o
 .debug_line    0x0000000000005d24      0xa06 ./Drivers/STM32F1xx_HAL_Driver/Src/stm32f1xx_hal_gpio.o
 .debug_line    0x000000000000672a      0xd8f ./Drivers/STM32F1xx_HAL_Driver/Src/stm32f1xx_hal_rcc.o
 .debug_line    0x00000000000074b9     0x33b9 ./Drivers/STM32F1xx_HAL_Driver/Src/stm32f1xx_hal_tim.o
 .debug_line    0x000000000000a872     0x18a9 ./Drivers/STM32F1xx_HAL_Driver/Src/stm32f1xx_hal_tim_ex.o

.debug_str      0x0000000000000000    0x82348
 .debug_str     0x0000000000000000    0x7f84d ./Core/Src/FSM_traffic_light.o
                                      0x7fb8c (size before relaxing)
 .debug_str     0x000000000007f84d       0xb9 ./Core/Src/button.o
                                      0x7fbbc (size before relaxing)
 .debug_str     0x000000000007f906       0x15 ./Core/Src/global.o
                                      0x7faed (size before relaxing)
 .debug_str     0x000000000007f91b      0x71f ./Core/Src/main.o
                                      0x802e6 (size before relaxing)
 .debug_str     0x000000000008003a       0x57 ./Core/Src/segment_led.o
                                      0x7fb76 (size before relaxing)
 .debug_str     0x0000000000080091       0x75 ./Core/Src/software_timer.o
                                      0x7fb48 (size before relaxing)
 .debug_str     0x0000000000080106      0x2ba ./Core/Src/stm32f1xx_hal_msp.o
                                      0x801ef (size before relaxing)
 .debug_str     0x00000000000803c0       0xcd ./Core/Src/stm32f1xx_it.o
                                      0x7ff51 (size before relaxing)
 .debug_str     0x000000000008048d       0x52 ./Core/Src/system_stm32f1xx.o
                                      0x7f6d5 (size before relaxing)
 .debug_str     0x00000000000804df       0x36 ./Core/Startup/startup_stm32f103c6ux.o
                                         0x64 (size before relaxing)
 .debug_str     0x0000000000080515      0x304 ./Drivers/STM32F1xx_HAL_Driver/Src/stm32f1xx_hal.o
                                      0x7fd2c (size before relaxing)
 .debug_str     0x0000000000080819      0x300 ./Drivers/STM32F1xx_HAL_Driver/Src/stm32f1xx_hal_cortex.o
                                      0x7fd34 (size before relaxing)
 .debug_str     0x0000000000080b19      0x324 ./Drivers/STM32F1xx_HAL_Driver/Src/stm32f1xx_hal_gpio.o
                                      0x7fa99 (size before relaxing)
 .debug_str     0x0000000000080e3d      0x24f ./Drivers/STM32F1xx_HAL_Driver/Src/stm32f1xx_hal_rcc.o
                                      0x7fad2 (size before relaxing)
 .debug_str     0x000000000008108c      0xdce ./Drivers/STM32F1xx_HAL_Driver/Src/stm32f1xx_hal_tim.o
                                      0x80aab (size before relaxing)
 .debug_str     0x0000000000081e5a      0x4ee ./Drivers/STM32F1xx_HAL_Driver/Src/stm32f1xx_hal_tim_ex.o
                                      0x8025c (size before relaxing)

.comment        0x0000000000000000       0x53
 .comment       0x0000000000000000       0x53 ./Core/Src/FSM_traffic_light.o
                                         0x54 (size before relaxing)
 .comment       0x0000000000000053       0x54 ./Core/Src/button.o
 .comment       0x0000000000000053       0x54 ./Core/Src/global.o
 .comment       0x0000000000000053       0x54 ./Core/Src/main.o
 .comment       0x0000000000000053       0x54 ./Core/Src/segment_led.o
 .comment       0x0000000000000053       0x54 ./Core/Src/software_timer.o
 .comment       0x0000000000000053       0x54 ./Core/Src/stm32f1xx_hal_msp.o
 .comment       0x0000000000000053       0x54 ./Core/Src/stm32f1xx_it.o
 .comment       0x0000000000000053       0x54 ./Core/Src/system_stm32f1xx.o
 .comment       0x0000000000000053       0x54 ./Drivers/STM32F1xx_HAL_Driver/Src/stm32f1xx_hal.o
 .comment       0x0000000000000053       0x54 ./Drivers/STM32F1xx_HAL_Driver/Src/stm32f1xx_hal_cortex.o
 .comment       0x0000000000000053       0x54 ./Drivers/STM32F1xx_HAL_Driver/Src/stm32f1xx_hal_gpio.o
 .comment       0x0000000000000053       0x54 ./Drivers/STM32F1xx_HAL_Driver/Src/stm32f1xx_hal_rcc.o
 .comment       0x0000000000000053       0x54 ./Drivers/STM32F1xx_HAL_Driver/Src/stm32f1xx_hal_tim.o
 .comment       0x0000000000000053       0x54 ./Drivers/STM32F1xx_HAL_Driver/Src/stm32f1xx_hal_tim_ex.o

.debug_frame    0x0000000000000000     0x2824
 .debug_frame   0x0000000000000000       0x6c ./Core/Src/FSM_traffic_light.o
 .debug_frame   0x000000000000006c       0xe0 ./Core/Src/button.o
 .debug_frame   0x000000000000014c       0xd8 ./Core/Src/main.o
 .debug_frame   0x0000000000000224       0x50 ./Core/Src/segment_led.o
 .debug_frame   0x0000000000000274       0xbc ./Core/Src/software_timer.o
 .debug_frame   0x0000000000000330       0x80 ./Core/Src/stm32f1xx_hal_msp.o
 .debug_frame   0x00000000000003b0      0x120 ./Core/Src/stm32f1xx_it.o
 .debug_frame   0x00000000000004d0       0x58 ./Core/Src/system_stm32f1xx.o
 .debug_frame   0x0000000000000528      0x334 ./Drivers/STM32F1xx_HAL_Driver/Src/stm32f1xx_hal.o
 .debug_frame   0x000000000000085c      0x428 ./Drivers/STM32F1xx_HAL_Driver/Src/stm32f1xx_hal_cortex.o
 .debug_frame   0x0000000000000c84      0x14c ./Drivers/STM32F1xx_HAL_Driver/Src/stm32f1xx_hal_gpio.o
 .debug_frame   0x0000000000000dd0      0x218 ./Drivers/STM32F1xx_HAL_Driver/Src/stm32f1xx_hal_rcc.o
 .debug_frame   0x0000000000000fe8     0x11b8 ./Drivers/STM32F1xx_HAL_Driver/Src/stm32f1xx_hal_tim.o
 .debug_frame   0x00000000000021a0      0x638 ./Drivers/STM32F1xx_HAL_Driver/Src/stm32f1xx_hal_tim_ex.o
 .debug_frame   0x00000000000027d8       0x2c c:/program files (x86)/stm32cubeide_1.7.0/stm32cubeide/plugins/com.st.stm32cube.ide.mcu.externaltools.gnu-tools-for-stm32.9-2020-q2-update.win32_2.0.0.202105311346/tools/bin/../lib/gcc/arm-none-eabi/9.3.1/../../../../arm-none-eabi/lib/thumb/v7-m/nofp\libc_nano.a(lib_a-init.o)
 .debug_frame   0x0000000000002804       0x20 c:/program files (x86)/stm32cubeide_1.7.0/stm32cubeide/plugins/com.st.stm32cube.ide.mcu.externaltools.gnu-tools-for-stm32.9-2020-q2-update.win32_2.0.0.202105311346/tools/bin/../lib/gcc/arm-none-eabi/9.3.1/../../../../arm-none-eabi/lib/thumb/v7-m/nofp\libc_nano.a(lib_a-memset.o)
